
> domicilios@0.1.0 dev
> next dev --turbopack

 ⚠ Port 3000 is in use, using available port 3003 instead.
   ▲ Next.js 15.3.9 (Turbopack)
   - Local:        http://localhost:3003
   - Network:      http://192.168.1.104:3003
   - Environments: .env.local, .env

 ✓ Starting...
 ○ Compiling middleware ...
 ✓ Compiled middleware in 599ms
 ✓ Ready in 7.9s
 ○ Compiling /_not-found/page ...
 ✓ Compiled /_not-found/page in 4.5s
 GET /auth/login 404 in 5304ms
 ○ Compiling /api/auth/[...nextauth] ...
 ✓ Compiled /api/auth/[...nextauth] in 2.4s
 GET /api/auth/session 200 in 3537ms
 GET /api/auth/session 200 in 110ms
 ○ Compiling /login ...
 ✓ Compiled /login in 2.2s
 GET /login 200 in 2465ms
 GET /api/auth/session 200 in 193ms
 GET /api/auth/session 200 in 93ms
 GET /api/auth/providers 200 in 115ms
 GET /api/auth/csrf 200 in 65ms

[SIGNIN CALLBACK] === INICIO ===
[SIGNIN CALLBACK] User: {
  id: '1a96d908-e389-45d8-86c4-94c303e23fc9',
  email: 'juan.rodriguez@test.com',
  name: 'Juan Rodríguez',
  image: null
}
[SIGNIN CALLBACK] Account: {
  provider: 'credentials',
  type: 'credentials',
  providerAccountId: '1a96d908-e389-45d8-86c4-94c303e23fc9'
}
[SIGNIN CALLBACK] Profile (Google): { id: undefined, email: undefined, name: undefined }
[SIGNIN CALLBACK] === FIN === (permitiendo login)


[JWT CALLBACK] === INICIO ===
[JWT CALLBACK] Entrada: {
  userId: '1a96d908-e389-45d8-86c4-94c303e23fc9',
  provider: 'credentials'
}
[JWT] Token actualizado con user.id: 1a96d908-e389-45d8-86c4-94c303e23fc9
[JWT CALLBACK] Token final: {
  id: '1a96d908-e389-45d8-86c4-94c303e23fc9',
  email: 'juan.rodriguez@test.com',
  hasId: true
}
[JWT CALLBACK] === FIN ===

 POST /api/auth/callback/credentials? 200 in 662ms

[JWT CALLBACK] === INICIO ===
[JWT CALLBACK] Entrada: { userId: undefined, provider: undefined }
[JWT CALLBACK] Token final: {
  id: '1a96d908-e389-45d8-86c4-94c303e23fc9',
  email: 'juan.rodriguez@test.com',
  hasId: true
}
[JWT CALLBACK] === FIN ===


[SESSION CALLBACK] === INICIO ===
[SESSION CALLBACK] Session user antes: { email: 'juan.rodriguez@test.com', id: undefined }
[SESSION CALLBACK] Token: {
  id: '1a96d908-e389-45d8-86c4-94c303e23fc9',
  email: 'juan.rodriguez@test.com',
  sub: '1a96d908-e389-45d8-86c4-94c303e23fc9'
}
[SESSION CALLBACK] Session actualizado con usuario ID: 1a96d908-e389-45d8-86c4-94c303e23fc9
[SESSION CALLBACK] Session user después: {
  email: 'juan.rodriguez@test.com',
  id: '1a96d908-e389-45d8-86c4-94c303e23fc9'
}
[SESSION CALLBACK] === FIN ===

 GET /api/auth/session 200 in 109ms
 ○ Compiling /app ...
 ✓ Compiled /app in 3.1s

[JWT CALLBACK] === INICIO ===
[JWT CALLBACK] Entrada: { userId: undefined, provider: undefined }
[JWT CALLBACK] Token final: {
  id: '1a96d908-e389-45d8-86c4-94c303e23fc9',
  email: 'juan.rodriguez@test.com',
  hasId: true
}
[JWT CALLBACK] === FIN ===


[SESSION CALLBACK] === INICIO ===
[SESSION CALLBACK] Session user antes: { email: 'juan.rodriguez@test.com', id: undefined }
[SESSION CALLBACK] Token: {
  id: '1a96d908-e389-45d8-86c4-94c303e23fc9',
  email: 'juan.rodriguez@test.com',
  sub: '1a96d908-e389-45d8-86c4-94c303e23fc9'
}
[SESSION CALLBACK] Session actualizado con usuario ID: 1a96d908-e389-45d8-86c4-94c303e23fc9
[SESSION CALLBACK] Session user después: {
  email: 'juan.rodriguez@test.com',
  id: '1a96d908-e389-45d8-86c4-94c303e23fc9'
}
[SESSION CALLBACK] === FIN ===


[JWT CALLBACK] === INICIO ===
[JWT CALLBACK] Entrada: { userId: undefined, provider: undefined }
[JWT CALLBACK] Token final: {
  id: '1a96d908-e389-45d8-86c4-94c303e23fc9',
  email: 'juan.rodriguez@test.com',
  hasId: true
}
[JWT CALLBACK] === FIN ===


[SESSION CALLBACK] === INICIO ===
[SESSION CALLBACK] Session user antes: { email: 'juan.rodriguez@test.com', id: undefined }
[SESSION CALLBACK] Token: {
  id: '1a96d908-e389-45d8-86c4-94c303e23fc9',
  email: 'juan.rodriguez@test.com',
  sub: '1a96d908-e389-45d8-86c4-94c303e23fc9'
}
[SESSION CALLBACK] Session actualizado con usuario ID: 1a96d908-e389-45d8-86c4-94c303e23fc9
[SESSION CALLBACK] Session user después: {
  email: 'juan.rodriguez@test.com',
  id: '1a96d908-e389-45d8-86c4-94c303e23fc9'
}
[SESSION CALLBACK] === FIN ===


[JWT CALLBACK] === INICIO ===
[JWT CALLBACK] Entrada: { userId: undefined, provider: undefined }
[JWT CALLBACK] Token final: {
  id: '1a96d908-e389-45d8-86c4-94c303e23fc9',
  email: 'juan.rodriguez@test.com',
  hasId: true
}
[JWT CALLBACK] === FIN ===


[SESSION CALLBACK] === INICIO ===
[SESSION CALLBACK] Session user antes: { email: 'juan.rodriguez@test.com', id: undefined }
[SESSION CALLBACK] Token: {
  id: '1a96d908-e389-45d8-86c4-94c303e23fc9',
  email: 'juan.rodriguez@test.com',
  sub: '1a96d908-e389-45d8-86c4-94c303e23fc9'
}
[SESSION CALLBACK] Session actualizado con usuario ID: 1a96d908-e389-45d8-86c4-94c303e23fc9
[SESSION CALLBACK] Session user después: {
  email: 'juan.rodriguez@test.com',
  id: '1a96d908-e389-45d8-86c4-94c303e23fc9'
}
[SESSION CALLBACK] === FIN ===

 GET /app 200 in 3553ms

[JWT CALLBACK] === INICIO ===
[JWT CALLBACK] Entrada: { userId: undefined, provider: undefined }
[JWT CALLBACK] Token final: {
  id: '1a96d908-e389-45d8-86c4-94c303e23fc9',
  email: 'juan.rodriguez@test.com',
  hasId: true
}
[JWT CALLBACK] === FIN ===


[SESSION CALLBACK] === INICIO ===
[SESSION CALLBACK] Session user antes: { email: 'juan.rodriguez@test.com', id: undefined }
[SESSION CALLBACK] Token: {
  id: '1a96d908-e389-45d8-86c4-94c303e23fc9',
  email: 'juan.rodriguez@test.com',
  sub: '1a96d908-e389-45d8-86c4-94c303e23fc9'
}
[SESSION CALLBACK] Session actualizado con usuario ID: 1a96d908-e389-45d8-86c4-94c303e23fc9
[SESSION CALLBACK] Session user después: {
  email: 'juan.rodriguez@test.com',
  id: '1a96d908-e389-45d8-86c4-94c303e23fc9'
}
[SESSION CALLBACK] === FIN ===


[JWT CALLBACK] === INICIO ===
[JWT CALLBACK] Entrada: { userId: undefined, provider: undefined }
[JWT CALLBACK] Token final: {
  id: '1a96d908-e389-45d8-86c4-94c303e23fc9',
  email: 'juan.rodriguez@test.com',
  hasId: true
}
[JWT CALLBACK] === FIN ===


[SESSION CALLBACK] === INICIO ===
[SESSION CALLBACK] Session user antes: { email: 'juan.rodriguez@test.com', id: undefined }
[SESSION CALLBACK] Token: {
  id: '1a96d908-e389-45d8-86c4-94c303e23fc9',
  email: 'juan.rodriguez@test.com',
  sub: '1a96d908-e389-45d8-86c4-94c303e23fc9'
}
[SESSION CALLBACK] Session actualizado con usuario ID: 1a96d908-e389-45d8-86c4-94c303e23fc9
[SESSION CALLBACK] Session user después: {
  email: 'juan.rodriguez@test.com',
  id: '1a96d908-e389-45d8-86c4-94c303e23fc9'
}
[SESSION CALLBACK] === FIN ===


[JWT CALLBACK] === INICIO ===
[JWT CALLBACK] Entrada: { userId: undefined, provider: undefined }
[JWT CALLBACK] Token final: {
  id: '1a96d908-e389-45d8-86c4-94c303e23fc9',
  email: 'juan.rodriguez@test.com',
  hasId: true
}
[JWT CALLBACK] === FIN ===


[SESSION CALLBACK] === INICIO ===
[SESSION CALLBACK] Session user antes: { email: 'juan.rodriguez@test.com', id: undefined }
[SESSION CALLBACK] Token: {
  id: '1a96d908-e389-45d8-86c4-94c303e23fc9',
  email: 'juan.rodriguez@test.com',
  sub: '1a96d908-e389-45d8-86c4-94c303e23fc9'
}
[SESSION CALLBACK] Session actualizado con usuario ID: 1a96d908-e389-45d8-86c4-94c303e23fc9
[SESSION CALLBACK] Session user después: {
  email: 'juan.rodriguez@test.com',
  id: '1a96d908-e389-45d8-86c4-94c303e23fc9'
}
[SESSION CALLBACK] === FIN ===

 GET /app 200 in 273ms
 GET /api/auth/csrf 200 in 103ms
 POST /api/auth/signout 200 in 61ms
 GET /login 200 in 131ms
 GET /api/auth/session 200 in 142ms
 GET /api/auth/session 200 in 84ms
 ○ Compiling /signup ...
 ✓ Compiled /signup in 3.1s
 GET /signup 200 in 3394ms

[SIGNIN CALLBACK] === INICIO ===
[SIGNIN CALLBACK] User: {
  id: 'bade8a17-3b7d-4a04-8c6b-e5a51152714e',
  email: 'test.ai.user@example.com',
  name: 'Test User AI',
  image: null
}
[SIGNIN CALLBACK] Account: {
  provider: 'credentials',
  type: 'credentials',
  providerAccountId: 'bade8a17-3b7d-4a04-8c6b-e5a51152714e'
}
[SIGNIN CALLBACK] Profile (Google): { id: undefined, email: undefined, name: undefined }
[SIGNIN CALLBACK] === FIN === (permitiendo login)


[JWT CALLBACK] === INICIO ===
[JWT CALLBACK] Entrada: {
  userId: 'bade8a17-3b7d-4a04-8c6b-e5a51152714e',
  provider: 'credentials'
}
[JWT] Token actualizado con user.id: bade8a17-3b7d-4a04-8c6b-e5a51152714e
[JWT CALLBACK] Token final: {
  id: 'bade8a17-3b7d-4a04-8c6b-e5a51152714e',
  email: 'test.ai.user@example.com',
  hasId: true
}
[JWT CALLBACK] === FIN ===

 POST /signup 200 in 5392ms
 ○ Compiling /app/onboarding ...
 ✓ Compiled /app/onboarding in 2.4s

[JWT CALLBACK] === INICIO ===
[JWT CALLBACK] Entrada: { userId: undefined, provider: undefined }
[JWT CALLBACK] Token final: {
  id: 'bade8a17-3b7d-4a04-8c6b-e5a51152714e',
  email: 'test.ai.user@example.com',
  hasId: true
}
[JWT CALLBACK] === FIN ===


[SESSION CALLBACK] === INICIO ===
[SESSION CALLBACK] Session user antes: { email: 'test.ai.user@example.com', id: undefined }
[SESSION CALLBACK] Token: {
  id: 'bade8a17-3b7d-4a04-8c6b-e5a51152714e',
  email: 'test.ai.user@example.com',
  sub: 'bade8a17-3b7d-4a04-8c6b-e5a51152714e'
}
[SESSION CALLBACK] Session actualizado con usuario ID: bade8a17-3b7d-4a04-8c6b-e5a51152714e
[SESSION CALLBACK] Session user después: {
  email: 'test.ai.user@example.com',
  id: 'bade8a17-3b7d-4a04-8c6b-e5a51152714e'
}
[SESSION CALLBACK] === FIN ===


[JWT CALLBACK] === INICIO ===
[JWT CALLBACK] Entrada: { userId: undefined, provider: undefined }
[JWT CALLBACK] Token final: {
  id: 'bade8a17-3b7d-4a04-8c6b-e5a51152714e',
  email: 'test.ai.user@example.com',
  hasId: true
}
[JWT CALLBACK] === FIN ===


[SESSION CALLBACK] === INICIO ===
[SESSION CALLBACK] Session user antes: { email: 'test.ai.user@example.com', id: undefined }
[SESSION CALLBACK] Token: {
  id: 'bade8a17-3b7d-4a04-8c6b-e5a51152714e',
  email: 'test.ai.user@example.com',
  sub: 'bade8a17-3b7d-4a04-8c6b-e5a51152714e'
}
[SESSION CALLBACK] Session actualizado con usuario ID: bade8a17-3b7d-4a04-8c6b-e5a51152714e
[SESSION CALLBACK] Session user después: {
  email: 'test.ai.user@example.com',
  id: 'bade8a17-3b7d-4a04-8c6b-e5a51152714e'
}
[SESSION CALLBACK] === FIN ===

 GET /app/onboarding 200 in 2570ms

[JWT CALLBACK] === INICIO ===
[JWT CALLBACK] Entrada: { userId: undefined, provider: undefined }
[JWT CALLBACK] Token final: {
  id: 'bade8a17-3b7d-4a04-8c6b-e5a51152714e',
  email: 'test.ai.user@example.com',
  hasId: true
}
[JWT CALLBACK] === FIN ===


[SESSION CALLBACK] === INICIO ===
[SESSION CALLBACK] Session user antes: { email: 'test.ai.user@example.com', id: undefined }
[SESSION CALLBACK] Token: {
  id: 'bade8a17-3b7d-4a04-8c6b-e5a51152714e',
  email: 'test.ai.user@example.com',
  sub: 'bade8a17-3b7d-4a04-8c6b-e5a51152714e'
}
[SESSION CALLBACK] Session actualizado con usuario ID: bade8a17-3b7d-4a04-8c6b-e5a51152714e
[SESSION CALLBACK] Session user después: {
  email: 'test.ai.user@example.com',
  id: 'bade8a17-3b7d-4a04-8c6b-e5a51152714e'
}
[SESSION CALLBACK] === FIN ===


[JWT CALLBACK] === INICIO ===
[JWT CALLBACK] Entrada: { userId: undefined, provider: undefined }
[JWT CALLBACK] Token final: {
  id: 'bade8a17-3b7d-4a04-8c6b-e5a51152714e',
  email: 'test.ai.user@example.com',
  hasId: true
}
[JWT CALLBACK] === FIN ===


[SESSION CALLBACK] === INICIO ===
[SESSION CALLBACK] Session user antes: { email: 'test.ai.user@example.com', id: undefined }
[SESSION CALLBACK] Token: {
  id: 'bade8a17-3b7d-4a04-8c6b-e5a51152714e',
  email: 'test.ai.user@example.com',
  sub: 'bade8a17-3b7d-4a04-8c6b-e5a51152714e'
}
[SESSION CALLBACK] Session actualizado con usuario ID: bade8a17-3b7d-4a04-8c6b-e5a51152714e
[SESSION CALLBACK] Session user después: {
  email: 'test.ai.user@example.com',
  id: 'bade8a17-3b7d-4a04-8c6b-e5a51152714e'
}
[SESSION CALLBACK] === FIN ===


[JWT CALLBACK] === INICIO ===
[JWT CALLBACK] Entrada: { userId: undefined, provider: undefined }
[JWT CALLBACK] Token final: {
  id: 'bade8a17-3b7d-4a04-8c6b-e5a51152714e',
  email: 'test.ai.user@example.com',
  hasId: true
}
[JWT CALLBACK] === FIN ===


[SESSION CALLBACK] === INICIO ===
[SESSION CALLBACK] Session user antes: { email: 'test.ai.user@example.com', id: undefined }
[SESSION CALLBACK] Token: {
  id: 'bade8a17-3b7d-4a04-8c6b-e5a51152714e',
  email: 'test.ai.user@example.com',
  sub: 'bade8a17-3b7d-4a04-8c6b-e5a51152714e'
}
[SESSION CALLBACK] Session actualizado con usuario ID: bade8a17-3b7d-4a04-8c6b-e5a51152714e
[SESSION CALLBACK] Session user después: {
  email: 'test.ai.user@example.com',
  id: 'bade8a17-3b7d-4a04-8c6b-e5a51152714e'
}
[SESSION CALLBACK] === FIN ===

 GET /app 200 in 388ms

[JWT CALLBACK] === INICIO ===
[JWT CALLBACK] Entrada: { userId: undefined, provider: undefined }
[JWT CALLBACK] Token final: {
  id: 'bade8a17-3b7d-4a04-8c6b-e5a51152714e',
  email: 'test.ai.user@example.com',
  hasId: true
}
[JWT CALLBACK] === FIN ===


[SESSION CALLBACK] === INICIO ===
[SESSION CALLBACK] Session user antes: { email: 'test.ai.user@example.com', id: undefined }
[SESSION CALLBACK] Token: {
  id: 'bade8a17-3b7d-4a04-8c6b-e5a51152714e',
  email: 'test.ai.user@example.com',
  sub: 'bade8a17-3b7d-4a04-8c6b-e5a51152714e'
}
[SESSION CALLBACK] Session actualizado con usuario ID: bade8a17-3b7d-4a04-8c6b-e5a51152714e
[SESSION CALLBACK] Session user después: {
  email: 'test.ai.user@example.com',
  id: 'bade8a17-3b7d-4a04-8c6b-e5a51152714e'
}
[SESSION CALLBACK] === FIN ===

 GET /api/auth/session 200 in 196ms

[JWT CALLBACK] === INICIO ===
[JWT CALLBACK] Entrada: { userId: undefined, provider: undefined }
[JWT CALLBACK] Token final: {
  id: 'bade8a17-3b7d-4a04-8c6b-e5a51152714e',
  email: 'test.ai.user@example.com',
  hasId: true
}
[JWT CALLBACK] === FIN ===


[SESSION CALLBACK] === INICIO ===
[SESSION CALLBACK] Session user antes: { email: 'test.ai.user@example.com', id: undefined }
[SESSION CALLBACK] Token: {
  id: 'bade8a17-3b7d-4a04-8c6b-e5a51152714e',
  email: 'test.ai.user@example.com',
  sub: 'bade8a17-3b7d-4a04-8c6b-e5a51152714e'
}
[SESSION CALLBACK] Session actualizado con usuario ID: bade8a17-3b7d-4a04-8c6b-e5a51152714e
[SESSION CALLBACK] Session user después: {
  email: 'test.ai.user@example.com',
  id: 'bade8a17-3b7d-4a04-8c6b-e5a51152714e'
}
[SESSION CALLBACK] === FIN ===

 GET /api/auth/session 200 in 126ms

[JWT CALLBACK] === INICIO ===
[JWT CALLBACK] Entrada: { userId: undefined, provider: undefined }
[JWT CALLBACK] Token final: {
  id: 'bade8a17-3b7d-4a04-8c6b-e5a51152714e',
  email: 'test.ai.user@example.com',
  hasId: true
}
[JWT CALLBACK] === FIN ===


[SESSION CALLBACK] === INICIO ===
[SESSION CALLBACK] Session user antes: { email: 'test.ai.user@example.com', id: undefined }
[SESSION CALLBACK] Token: {
  id: 'bade8a17-3b7d-4a04-8c6b-e5a51152714e',
  email: 'test.ai.user@example.com',
  sub: 'bade8a17-3b7d-4a04-8c6b-e5a51152714e'
}
[SESSION CALLBACK] Session actualizado con usuario ID: bade8a17-3b7d-4a04-8c6b-e5a51152714e
[SESSION CALLBACK] Session user después: {
  email: 'test.ai.user@example.com',
  id: 'bade8a17-3b7d-4a04-8c6b-e5a51152714e'
}
[SESSION CALLBACK] === FIN ===


[JWT CALLBACK] === INICIO ===
[JWT CALLBACK] Entrada: { userId: undefined, provider: undefined }
[JWT CALLBACK] Token final: {
  id: 'bade8a17-3b7d-4a04-8c6b-e5a51152714e',
  email: 'test.ai.user@example.com',
  hasId: true
}
[JWT CALLBACK] === FIN ===


[SESSION CALLBACK] === INICIO ===
[SESSION CALLBACK] Session user antes: { email: 'test.ai.user@example.com', id: undefined }
[SESSION CALLBACK] Token: {
  id: 'bade8a17-3b7d-4a04-8c6b-e5a51152714e',
  email: 'test.ai.user@example.com',
  sub: 'bade8a17-3b7d-4a04-8c6b-e5a51152714e'
}
[SESSION CALLBACK] Session actualizado con usuario ID: bade8a17-3b7d-4a04-8c6b-e5a51152714e
[SESSION CALLBACK] Session user después: {
  email: 'test.ai.user@example.com',
  id: 'bade8a17-3b7d-4a04-8c6b-e5a51152714e'
}
[SESSION CALLBACK] === FIN ===

 GET /app/onboarding 200 in 557ms

[JWT CALLBACK] === INICIO ===
[JWT CALLBACK] Entrada: { userId: undefined, provider: undefined }
[JWT CALLBACK] Token final: {
  id: 'bade8a17-3b7d-4a04-8c6b-e5a51152714e',
  email: 'test.ai.user@example.com',
  hasId: true
}
[JWT CALLBACK] === FIN ===


[SESSION CALLBACK] === INICIO ===
[SESSION CALLBACK] Session user antes: { email: 'test.ai.user@example.com', id: undefined }
[SESSION CALLBACK] Token: {
  id: 'bade8a17-3b7d-4a04-8c6b-e5a51152714e',
  email: 'test.ai.user@example.com',
  sub: 'bade8a17-3b7d-4a04-8c6b-e5a51152714e'
}
[SESSION CALLBACK] Session actualizado con usuario ID: bade8a17-3b7d-4a04-8c6b-e5a51152714e
[SESSION CALLBACK] Session user después: {
  email: 'test.ai.user@example.com',
  id: 'bade8a17-3b7d-4a04-8c6b-e5a51152714e'
}
[SESSION CALLBACK] === FIN ===

 GET /api/auth/session 200 in 125ms

[JWT CALLBACK] === INICIO ===
[JWT CALLBACK] Entrada: { userId: undefined, provider: undefined }
[JWT CALLBACK] Token final: {
  id: 'bade8a17-3b7d-4a04-8c6b-e5a51152714e',
  email: 'test.ai.user@example.com',
  hasId: true
}
[JWT CALLBACK] === FIN ===


[SESSION CALLBACK] === INICIO ===
[SESSION CALLBACK] Session user antes: { email: 'test.ai.user@example.com', id: undefined }
[SESSION CALLBACK] Token: {
  id: 'bade8a17-3b7d-4a04-8c6b-e5a51152714e',
  email: 'test.ai.user@example.com',
  sub: 'bade8a17-3b7d-4a04-8c6b-e5a51152714e'
}
[SESSION CALLBACK] Session actualizado con usuario ID: bade8a17-3b7d-4a04-8c6b-e5a51152714e
[SESSION CALLBACK] Session user después: {
  email: 'test.ai.user@example.com',
  id: 'bade8a17-3b7d-4a04-8c6b-e5a51152714e'
}
[SESSION CALLBACK] === FIN ===

 GET /api/auth/session 200 in 49ms
 ○ Compiling / ...
 ✓ Compiled / in 1371ms
 GET / 200 in 1652ms
 GET /api/auth/session 200 in 125ms
 GET /api/auth/session 200 in 48ms
 GET /login 200 in 77ms
 GET /api/auth/providers 200 in 138ms
 GET /api/auth/csrf 200 in 99ms

[SIGNIN CALLBACK] === INICIO ===
[SIGNIN CALLBACK] User: {
  id: '1a96d908-e389-45d8-86c4-94c303e23fc9',
  email: 'juan.rodriguez@test.com',
  name: 'Juan Rodríguez',
  image: null
}
[SIGNIN CALLBACK] Account: {
  provider: 'credentials',
  type: 'credentials',
  providerAccountId: '1a96d908-e389-45d8-86c4-94c303e23fc9'
}
[SIGNIN CALLBACK] Profile (Google): { id: undefined, email: undefined, name: undefined }
[SIGNIN CALLBACK] === FIN === (permitiendo login)


[JWT CALLBACK] === INICIO ===
[JWT CALLBACK] Entrada: {
  userId: '1a96d908-e389-45d8-86c4-94c303e23fc9',
  provider: 'credentials'
}
[JWT] Token actualizado con user.id: 1a96d908-e389-45d8-86c4-94c303e23fc9
[JWT CALLBACK] Token final: {
  id: '1a96d908-e389-45d8-86c4-94c303e23fc9',
  email: 'juan.rodriguez@test.com',
  hasId: true
}
[JWT CALLBACK] === FIN ===

 POST /api/auth/callback/credentials? 200 in 707ms

[JWT CALLBACK] === INICIO ===
[JWT CALLBACK] Entrada: { userId: undefined, provider: undefined }
[JWT CALLBACK] Token final: {
  id: '1a96d908-e389-45d8-86c4-94c303e23fc9',
  email: 'juan.rodriguez@test.com',
  hasId: true
}
[JWT CALLBACK] === FIN ===


[SESSION CALLBACK] === INICIO ===
[SESSION CALLBACK] Session user antes: { email: 'juan.rodriguez@test.com', id: undefined }
[SESSION CALLBACK] Token: {
  id: '1a96d908-e389-45d8-86c4-94c303e23fc9',
  email: 'juan.rodriguez@test.com',
  sub: '1a96d908-e389-45d8-86c4-94c303e23fc9'
}
[SESSION CALLBACK] Session actualizado con usuario ID: 1a96d908-e389-45d8-86c4-94c303e23fc9
[SESSION CALLBACK] Session user después: {
  email: 'juan.rodriguez@test.com',
  id: '1a96d908-e389-45d8-86c4-94c303e23fc9'
}
[SESSION CALLBACK] === FIN ===

 GET /api/auth/session 200 in 159ms

[JWT CALLBACK] === INICIO ===
[JWT CALLBACK] Entrada: { userId: undefined, provider: undefined }
[JWT CALLBACK] Token final: {
  id: '1a96d908-e389-45d8-86c4-94c303e23fc9',
  email: 'juan.rodriguez@test.com',
  hasId: true
}
[JWT CALLBACK] === FIN ===


[SESSION CALLBACK] === INICIO ===
[SESSION CALLBACK] Session user antes: { email: 'juan.rodriguez@test.com', id: undefined }
[SESSION CALLBACK] Token: {
  id: '1a96d908-e389-45d8-86c4-94c303e23fc9',
  email: 'juan.rodriguez@test.com',
  sub: '1a96d908-e389-45d8-86c4-94c303e23fc9'
}
[SESSION CALLBACK] Session actualizado con usuario ID: 1a96d908-e389-45d8-86c4-94c303e23fc9
[SESSION CALLBACK] Session user después: {
  email: 'juan.rodriguez@test.com',
  id: '1a96d908-e389-45d8-86c4-94c303e23fc9'
}
[SESSION CALLBACK] === FIN ===


[JWT CALLBACK] === INICIO ===
[JWT CALLBACK] Entrada: { userId: undefined, provider: undefined }
[JWT CALLBACK] Token final: {
  id: '1a96d908-e389-45d8-86c4-94c303e23fc9',
  email: 'juan.rodriguez@test.com',
  hasId: true
}
[JWT CALLBACK] === FIN ===


[SESSION CALLBACK] === INICIO ===
[SESSION CALLBACK] Session user antes: { email: 'juan.rodriguez@test.com', id: undefined }
[SESSION CALLBACK] Token: {
  id: '1a96d908-e389-45d8-86c4-94c303e23fc9',
  email: 'juan.rodriguez@test.com',
  sub: '1a96d908-e389-45d8-86c4-94c303e23fc9'
}
[SESSION CALLBACK] Session actualizado con usuario ID: 1a96d908-e389-45d8-86c4-94c303e23fc9
[SESSION CALLBACK] Session user después: {
  email: 'juan.rodriguez@test.com',
  id: '1a96d908-e389-45d8-86c4-94c303e23fc9'
}
[SESSION CALLBACK] === FIN ===


[JWT CALLBACK] === INICIO ===
[JWT CALLBACK] Entrada: { userId: undefined, provider: undefined }
[JWT CALLBACK] Token final: {
  id: '1a96d908-e389-45d8-86c4-94c303e23fc9',
  email: 'juan.rodriguez@test.com',
  hasId: true
}
[JWT CALLBACK] === FIN ===


[SESSION CALLBACK] === INICIO ===
[SESSION CALLBACK] Session user antes: { email: 'juan.rodriguez@test.com', id: undefined }
[SESSION CALLBACK] Token: {
  id: '1a96d908-e389-45d8-86c4-94c303e23fc9',
  email: 'juan.rodriguez@test.com',
  sub: '1a96d908-e389-45d8-86c4-94c303e23fc9'
}
[SESSION CALLBACK] Session actualizado con usuario ID: 1a96d908-e389-45d8-86c4-94c303e23fc9
[SESSION CALLBACK] Session user después: {
  email: 'juan.rodriguez@test.com',
  id: '1a96d908-e389-45d8-86c4-94c303e23fc9'
}
[SESSION CALLBACK] === FIN ===

 GET /app 200 in 318ms

[JWT CALLBACK] === INICIO ===
[JWT CALLBACK] Entrada: { userId: undefined, provider: undefined }
[JWT CALLBACK] Token final: {
  id: '1a96d908-e389-45d8-86c4-94c303e23fc9',
  email: 'juan.rodriguez@test.com',
  hasId: true
}
[JWT CALLBACK] === FIN ===


[SESSION CALLBACK] === INICIO ===
[SESSION CALLBACK] Session user antes: { email: 'juan.rodriguez@test.com', id: undefined }
[SESSION CALLBACK] Token: {
  id: '1a96d908-e389-45d8-86c4-94c303e23fc9',
  email: 'juan.rodriguez@test.com',
  sub: '1a96d908-e389-45d8-86c4-94c303e23fc9'
}
[SESSION CALLBACK] Session actualizado con usuario ID: 1a96d908-e389-45d8-86c4-94c303e23fc9
[SESSION CALLBACK] Session user después: {
  email: 'juan.rodriguez@test.com',
  id: '1a96d908-e389-45d8-86c4-94c303e23fc9'
}
[SESSION CALLBACK] === FIN ===


[JWT CALLBACK] === INICIO ===
[JWT CALLBACK] Entrada: { userId: undefined, provider: undefined }
[JWT CALLBACK] Token final: {
  id: '1a96d908-e389-45d8-86c4-94c303e23fc9',
  email: 'juan.rodriguez@test.com',
  hasId: true
}
[JWT CALLBACK] === FIN ===


[SESSION CALLBACK] === INICIO ===
[SESSION CALLBACK] Session user antes: { email: 'juan.rodriguez@test.com', id: undefined }
[SESSION CALLBACK] Token: {
  id: '1a96d908-e389-45d8-86c4-94c303e23fc9',
  email: 'juan.rodriguez@test.com',
  sub: '1a96d908-e389-45d8-86c4-94c303e23fc9'
}
[SESSION CALLBACK] Session actualizado con usuario ID: 1a96d908-e389-45d8-86c4-94c303e23fc9
[SESSION CALLBACK] Session user después: {
  email: 'juan.rodriguez@test.com',
  id: '1a96d908-e389-45d8-86c4-94c303e23fc9'
}
[SESSION CALLBACK] === FIN ===


[JWT CALLBACK] === INICIO ===
[JWT CALLBACK] Entrada: { userId: undefined, provider: undefined }
[JWT CALLBACK] Token final: {
  id: '1a96d908-e389-45d8-86c4-94c303e23fc9',
  email: 'juan.rodriguez@test.com',
  hasId: true
}
[JWT CALLBACK] === FIN ===


[SESSION CALLBACK] === INICIO ===
[SESSION CALLBACK] Session user antes: { email: 'juan.rodriguez@test.com', id: undefined }
[SESSION CALLBACK] Token: {
  id: '1a96d908-e389-45d8-86c4-94c303e23fc9',
  email: 'juan.rodriguez@test.com',
  sub: '1a96d908-e389-45d8-86c4-94c303e23fc9'
}
[SESSION CALLBACK] Session actualizado con usuario ID: 1a96d908-e389-45d8-86c4-94c303e23fc9
[SESSION CALLBACK] Session user después: {
  email: 'juan.rodriguez@test.com',
  id: '1a96d908-e389-45d8-86c4-94c303e23fc9'
}
[SESSION CALLBACK] === FIN ===

 GET /app 200 in 337ms
 ○ Compiling /app/catalogs/[id] ...
 ✓ Compiled /app/catalogs/[id] in 2.1s
 GET /app/catalogs/ce438a37-3677-49e9-9f5b-4796096b8fc5 200 in 3008ms
 GET /app/catalogs/ce438a37-3677-49e9-9f5b-4796096b8fc5 200 in 159ms
 ○ Compiling /api/catalogs/[id] ...
 ✓ Compiled /api/catalogs/[id] in 1085ms
 GET /api/catalogs/ce438a37-3677-49e9-9f5b-4796096b8fc5 200 in 1756ms
 GET /api/catalogs/ce438a37-3677-49e9-9f5b-4796096b8fc5 200 in 119ms
 GET /app/catalogs 404 in 63ms
 GET /app/catalogs 404 in 115ms

[JWT CALLBACK] === INICIO ===
[JWT CALLBACK] Entrada: { userId: undefined, provider: undefined }
[JWT CALLBACK] Token final: {
  id: '1a96d908-e389-45d8-86c4-94c303e23fc9',
  email: 'juan.rodriguez@test.com',
  hasId: true
}
[JWT CALLBACK] === FIN ===


[SESSION CALLBACK] === INICIO ===
[SESSION CALLBACK] Session user antes: { email: 'juan.rodriguez@test.com', id: undefined }
[SESSION CALLBACK] Token: {
  id: '1a96d908-e389-45d8-86c4-94c303e23fc9',
  email: 'juan.rodriguez@test.com',
  sub: '1a96d908-e389-45d8-86c4-94c303e23fc9'
}
[SESSION CALLBACK] Session actualizado con usuario ID: 1a96d908-e389-45d8-86c4-94c303e23fc9
[SESSION CALLBACK] Session user después: {
  email: 'juan.rodriguez@test.com',
  id: '1a96d908-e389-45d8-86c4-94c303e23fc9'
}
[SESSION CALLBACK] === FIN ===

 GET /api/auth/session 200 in 182ms

[JWT CALLBACK] === INICIO ===
[JWT CALLBACK] Entrada: { userId: undefined, provider: undefined }
[JWT CALLBACK] Token final: {
  id: '1a96d908-e389-45d8-86c4-94c303e23fc9',
  email: 'juan.rodriguez@test.com',
  hasId: true
}
[JWT CALLBACK] === FIN ===


[SESSION CALLBACK] === INICIO ===
[SESSION CALLBACK] Session user antes: { email: 'juan.rodriguez@test.com', id: undefined }
[SESSION CALLBACK] Token: {
  id: '1a96d908-e389-45d8-86c4-94c303e23fc9',
  email: 'juan.rodriguez@test.com',
  sub: '1a96d908-e389-45d8-86c4-94c303e23fc9'
}
[SESSION CALLBACK] Session actualizado con usuario ID: 1a96d908-e389-45d8-86c4-94c303e23fc9
[SESSION CALLBACK] Session user después: {
  email: 'juan.rodriguez@test.com',
  id: '1a96d908-e389-45d8-86c4-94c303e23fc9'
}
[SESSION CALLBACK] === FIN ===

 GET /api/auth/session 200 in 96ms
 GET / 200 in 131ms

[JWT CALLBACK] === INICIO ===
[JWT CALLBACK] Entrada: { userId: undefined, provider: undefined }
[JWT CALLBACK] Token final: {
  id: '1a96d908-e389-45d8-86c4-94c303e23fc9',
  email: 'juan.rodriguez@test.com',
  hasId: true
}
[JWT CALLBACK] === FIN ===


[SESSION CALLBACK] === INICIO ===
[SESSION CALLBACK] Session user antes: { email: 'juan.rodriguez@test.com', id: undefined }
[SESSION CALLBACK] Token: {
  id: '1a96d908-e389-45d8-86c4-94c303e23fc9',
  email: 'juan.rodriguez@test.com',
  sub: '1a96d908-e389-45d8-86c4-94c303e23fc9'
}
[SESSION CALLBACK] Session actualizado con usuario ID: 1a96d908-e389-45d8-86c4-94c303e23fc9
[SESSION CALLBACK] Session user después: {
  email: 'juan.rodriguez@test.com',
  id: '1a96d908-e389-45d8-86c4-94c303e23fc9'
}
[SESSION CALLBACK] === FIN ===


[JWT CALLBACK] === INICIO ===
[JWT CALLBACK] Entrada: { userId: undefined, provider: undefined }
[JWT CALLBACK] Token final: {
  id: '1a96d908-e389-45d8-86c4-94c303e23fc9',
  email: 'juan.rodriguez@test.com',
  hasId: true
}
[JWT CALLBACK] === FIN ===


[SESSION CALLBACK] === INICIO ===
[SESSION CALLBACK] Session user antes: { email: 'juan.rodriguez@test.com', id: undefined }
[SESSION CALLBACK] Token: {
  id: '1a96d908-e389-45d8-86c4-94c303e23fc9',
  email: 'juan.rodriguez@test.com',
  sub: '1a96d908-e389-45d8-86c4-94c303e23fc9'
}
[SESSION CALLBACK] Session actualizado con usuario ID: 1a96d908-e389-45d8-86c4-94c303e23fc9
[SESSION CALLBACK] Session user después: {
  email: 'juan.rodriguez@test.com',
  id: '1a96d908-e389-45d8-86c4-94c303e23fc9'
}
[SESSION CALLBACK] === FIN ===


[JWT CALLBACK] === INICIO ===
[JWT CALLBACK] Entrada: { userId: undefined, provider: undefined }
[JWT CALLBACK] Token final: {
  id: '1a96d908-e389-45d8-86c4-94c303e23fc9',
  email: 'juan.rodriguez@test.com',
  hasId: true
}
[JWT CALLBACK] === FIN ===


[SESSION CALLBACK] === INICIO ===
[SESSION CALLBACK] Session user antes: { email: 'juan.rodriguez@test.com', id: undefined }
[SESSION CALLBACK] Token: {
  id: '1a96d908-e389-45d8-86c4-94c303e23fc9',
  email: 'juan.rodriguez@test.com',
  sub: '1a96d908-e389-45d8-86c4-94c303e23fc9'
}
[SESSION CALLBACK] Session actualizado con usuario ID: 1a96d908-e389-45d8-86c4-94c303e23fc9
[SESSION CALLBACK] Session user después: {
  email: 'juan.rodriguez@test.com',
  id: '1a96d908-e389-45d8-86c4-94c303e23fc9'
}
[SESSION CALLBACK] === FIN ===

 GET /app 200 in 196ms
 GET /app/catalogs/ce438a37-3677-49e9-9f5b-4796096b8fc5 200 in 146ms
 GET /api/catalogs/ce438a37-3677-49e9-9f5b-4796096b8fc5 200 in 181ms
 GET /api/catalogs/ce438a37-3677-49e9-9f5b-4796096b8fc5 200 in 126ms

[JWT CALLBACK] === INICIO ===
[JWT CALLBACK] Entrada: { userId: undefined, provider: undefined }
[JWT CALLBACK] Token final: {
  id: '1a96d908-e389-45d8-86c4-94c303e23fc9',
  email: 'juan.rodriguez@test.com',
  hasId: true
}
[JWT CALLBACK] === FIN ===


[SESSION CALLBACK] === INICIO ===
[SESSION CALLBACK] Session user antes: { email: 'juan.rodriguez@test.com', id: undefined }
[SESSION CALLBACK] Token: {
  id: '1a96d908-e389-45d8-86c4-94c303e23fc9',
  email: 'juan.rodriguez@test.com',
  sub: '1a96d908-e389-45d8-86c4-94c303e23fc9'
}
[SESSION CALLBACK] Session actualizado con usuario ID: 1a96d908-e389-45d8-86c4-94c303e23fc9
[SESSION CALLBACK] Session user después: {
  email: 'juan.rodriguez@test.com',
  id: '1a96d908-e389-45d8-86c4-94c303e23fc9'
}
[SESSION CALLBACK] === FIN ===


[JWT CALLBACK] === INICIO ===
[JWT CALLBACK] Entrada: { userId: undefined, provider: undefined }
[JWT CALLBACK] Token final: {
  id: '1a96d908-e389-45d8-86c4-94c303e23fc9',
  email: 'juan.rodriguez@test.com',
  hasId: true
}
[JWT CALLBACK] === FIN ===


[SESSION CALLBACK] === INICIO ===
[SESSION CALLBACK] Session user antes: { email: 'juan.rodriguez@test.com', id: undefined }
[SESSION CALLBACK] Token: {
  id: '1a96d908-e389-45d8-86c4-94c303e23fc9',
  email: 'juan.rodriguez@test.com',
  sub: '1a96d908-e389-45d8-86c4-94c303e23fc9'
}
[SESSION CALLBACK] Session actualizado con usuario ID: 1a96d908-e389-45d8-86c4-94c303e23fc9
[SESSION CALLBACK] Session user después: {
  email: 'juan.rodriguez@test.com',
  id: '1a96d908-e389-45d8-86c4-94c303e23fc9'
}
[SESSION CALLBACK] === FIN ===

 GET /app 200 in 90ms
 GET /app/catalogs/939fcc0e-645f-46f8-bd8a-2cc5400a1e7a 200 in 121ms
 GET /api/catalogs/939fcc0e-645f-46f8-bd8a-2cc5400a1e7a 200 in 152ms
 GET /api/catalogs/939fcc0e-645f-46f8-bd8a-2cc5400a1e7a 200 in 89ms
 ○ Compiling /app/catalogs/[id]/categories ...
 ✓ Compiled /app/catalogs/[id]/categories in 3.7s
 GET /app/catalogs/939fcc0e-645f-46f8-bd8a-2cc5400a1e7a/categories 200 in 4010ms
 GET /app/catalogs/939fcc0e-645f-46f8-bd8a-2cc5400a1e7a/design 200 in 3543ms
 GET /app/catalogs/939fcc0e-645f-46f8-bd8a-2cc5400a1e7a/design 200 in 251ms
 ○ Compiling /app/catalogs/[id]/products ...
 GET /app/catalogs/939fcc0e-645f-46f8-bd8a-2cc5400a1e7a/design 200 in 320ms
 GET /app/catalogs/939fcc0e-645f-46f8-bd8a-2cc5400a1e7a/design 200 in 141ms
 GET /app/catalogs 404 in 79ms
 GET /app/catalogs 404 in 213ms

[JWT CALLBACK] === INICIO ===
[JWT CALLBACK] Entrada: { userId: undefined, provider: undefined }
[JWT CALLBACK] Token final: {
  id: '1a96d908-e389-45d8-86c4-94c303e23fc9',
  email: 'juan.rodriguez@test.com',
  hasId: true
}
[JWT CALLBACK] === FIN ===


[SESSION CALLBACK] === INICIO ===
[SESSION CALLBACK] Session user antes: { email: 'juan.rodriguez@test.com', id: undefined }
[SESSION CALLBACK] Token: {
  id: '1a96d908-e389-45d8-86c4-94c303e23fc9',
  email: 'juan.rodriguez@test.com',
  sub: '1a96d908-e389-45d8-86c4-94c303e23fc9'
}
[SESSION CALLBACK] Session actualizado con usuario ID: 1a96d908-e389-45d8-86c4-94c303e23fc9
[SESSION CALLBACK] Session user después: {
  email: 'juan.rodriguez@test.com',
  id: '1a96d908-e389-45d8-86c4-94c303e23fc9'
}
[SESSION CALLBACK] === FIN ===

 GET /api/auth/session 200 in 290ms

[JWT CALLBACK] === INICIO ===
[JWT CALLBACK] Entrada: { userId: undefined, provider: undefined }
[JWT CALLBACK] Token final: {
  id: '1a96d908-e389-45d8-86c4-94c303e23fc9',
  email: 'juan.rodriguez@test.com',
  hasId: true
}
[JWT CALLBACK] === FIN ===


[SESSION CALLBACK] === INICIO ===
[SESSION CALLBACK] Session user antes: { email: 'juan.rodriguez@test.com', id: undefined }
[SESSION CALLBACK] Token: {
  id: '1a96d908-e389-45d8-86c4-94c303e23fc9',
  email: 'juan.rodriguez@test.com',
  sub: '1a96d908-e389-45d8-86c4-94c303e23fc9'
}
[SESSION CALLBACK] Session actualizado con usuario ID: 1a96d908-e389-45d8-86c4-94c303e23fc9
[SESSION CALLBACK] Session user después: {
  email: 'juan.rodriguez@test.com',
  id: '1a96d908-e389-45d8-86c4-94c303e23fc9'
}
[SESSION CALLBACK] === FIN ===

 GET /api/auth/session 200 in 139ms
 ✓ Compiled /app/catalogs/[id]/products in 3.7s
 GET / 200 in 133ms

[JWT CALLBACK] === INICIO ===
[JWT CALLBACK] Entrada: { userId: undefined, provider: undefined }
[JWT CALLBACK] Token final: {
  id: '1a96d908-e389-45d8-86c4-94c303e23fc9',
  email: 'juan.rodriguez@test.com',
  hasId: true
}
[JWT CALLBACK] === FIN ===


[SESSION CALLBACK] === INICIO ===
[SESSION CALLBACK] Session user antes: { email: 'juan.rodriguez@test.com', id: undefined }
[SESSION CALLBACK] Token: {
  id: '1a96d908-e389-45d8-86c4-94c303e23fc9',
  email: 'juan.rodriguez@test.com',
  sub: '1a96d908-e389-45d8-86c4-94c303e23fc9'
}
[SESSION CALLBACK] Session actualizado con usuario ID: 1a96d908-e389-45d8-86c4-94c303e23fc9
[SESSION CALLBACK] Session user después: {
  email: 'juan.rodriguez@test.com',
  id: '1a96d908-e389-45d8-86c4-94c303e23fc9'
}
[SESSION CALLBACK] === FIN ===


[JWT CALLBACK] === INICIO ===
[JWT CALLBACK] Entrada: { userId: undefined, provider: undefined }
[JWT CALLBACK] Token final: {
  id: '1a96d908-e389-45d8-86c4-94c303e23fc9',
  email: 'juan.rodriguez@test.com',
  hasId: true
}
[JWT CALLBACK] === FIN ===


[SESSION CALLBACK] === INICIO ===
[SESSION CALLBACK] Session user antes: { email: 'juan.rodriguez@test.com', id: undefined }
[SESSION CALLBACK] Token: {
  id: '1a96d908-e389-45d8-86c4-94c303e23fc9',
  email: 'juan.rodriguez@test.com',
  sub: '1a96d908-e389-45d8-86c4-94c303e23fc9'
}
[SESSION CALLBACK] Session actualizado con usuario ID: 1a96d908-e389-45d8-86c4-94c303e23fc9
[SESSION CALLBACK] Session user después: {
  email: 'juan.rodriguez@test.com',
  id: '1a96d908-e389-45d8-86c4-94c303e23fc9'
}
[SESSION CALLBACK] === FIN ===


[JWT CALLBACK] === INICIO ===
[JWT CALLBACK] Entrada: { userId: undefined, provider: undefined }
[JWT CALLBACK] Token final: {
  id: '1a96d908-e389-45d8-86c4-94c303e23fc9',
  email: 'juan.rodriguez@test.com',
  hasId: true
}
[JWT CALLBACK] === FIN ===


[SESSION CALLBACK] === INICIO ===
[SESSION CALLBACK] Session user antes: { email: 'juan.rodriguez@test.com', id: undefined }
[SESSION CALLBACK] Token: {
  id: '1a96d908-e389-45d8-86c4-94c303e23fc9',
  email: 'juan.rodriguez@test.com',
  sub: '1a96d908-e389-45d8-86c4-94c303e23fc9'
}
[SESSION CALLBACK] Session actualizado con usuario ID: 1a96d908-e389-45d8-86c4-94c303e23fc9
[SESSION CALLBACK] Session user después: {
  email: 'juan.rodriguez@test.com',
  id: '1a96d908-e389-45d8-86c4-94c303e23fc9'
}
[SESSION CALLBACK] === FIN ===

 GET /app 200 in 195ms
 ○ Compiling /app/billing ...
 ✓ Compiled /app/billing in 3.3s

[JWT CALLBACK] === INICIO ===
[JWT CALLBACK] Entrada: { userId: undefined, provider: undefined }
[JWT CALLBACK] Token final: {
  id: '1a96d908-e389-45d8-86c4-94c303e23fc9',
  email: 'juan.rodriguez@test.com',
  hasId: true
}
[JWT CALLBACK] === FIN ===


[SESSION CALLBACK] === INICIO ===
[SESSION CALLBACK] Session user antes: { email: 'juan.rodriguez@test.com', id: undefined }
[SESSION CALLBACK] Token: {
  id: '1a96d908-e389-45d8-86c4-94c303e23fc9',
  email: 'juan.rodriguez@test.com',
  sub: '1a96d908-e389-45d8-86c4-94c303e23fc9'
}
[SESSION CALLBACK] Session actualizado con usuario ID: 1a96d908-e389-45d8-86c4-94c303e23fc9
[SESSION CALLBACK] Session user después: {
  email: 'juan.rodriguez@test.com',
  id: '1a96d908-e389-45d8-86c4-94c303e23fc9'
}
[SESSION CALLBACK] === FIN ===


[JWT CALLBACK] === INICIO ===
[JWT CALLBACK] Entrada: { userId: undefined, provider: undefined }
[JWT CALLBACK] Token final: {
  id: '1a96d908-e389-45d8-86c4-94c303e23fc9',
  email: 'juan.rodriguez@test.com',
  hasId: true
}
[JWT CALLBACK] === FIN ===


[SESSION CALLBACK] === INICIO ===
[SESSION CALLBACK] Session user antes: { email: 'juan.rodriguez@test.com', id: undefined }
[SESSION CALLBACK] Token: {
  id: '1a96d908-e389-45d8-86c4-94c303e23fc9',
  email: 'juan.rodriguez@test.com',
  sub: '1a96d908-e389-45d8-86c4-94c303e23fc9'
}
[SESSION CALLBACK] Session actualizado con usuario ID: 1a96d908-e389-45d8-86c4-94c303e23fc9
[SESSION CALLBACK] Session user después: {
  email: 'juan.rodriguez@test.com',
  id: '1a96d908-e389-45d8-86c4-94c303e23fc9'
}
[SESSION CALLBACK] === FIN ===


[JWT CALLBACK] === INICIO ===
[JWT CALLBACK] Entrada: { userId: undefined, provider: undefined }
[JWT CALLBACK] Token final: {
  id: '1a96d908-e389-45d8-86c4-94c303e23fc9',
  email: 'juan.rodriguez@test.com',
  hasId: true
}
[JWT CALLBACK] === FIN ===


[SESSION CALLBACK] === INICIO ===
[SESSION CALLBACK] Session user antes: { email: 'juan.rodriguez@test.com', id: undefined }
[SESSION CALLBACK] Token: {
  id: '1a96d908-e389-45d8-86c4-94c303e23fc9',
  email: 'juan.rodriguez@test.com',
  sub: '1a96d908-e389-45d8-86c4-94c303e23fc9'
}
[SESSION CALLBACK] Session actualizado con usuario ID: 1a96d908-e389-45d8-86c4-94c303e23fc9
[SESSION CALLBACK] Session user después: {
  email: 'juan.rodriguez@test.com',
  id: '1a96d908-e389-45d8-86c4-94c303e23fc9'
}
[SESSION CALLBACK] === FIN ===

 GET /app/billing 200 in 3507ms

[JWT CALLBACK] === INICIO ===
[JWT CALLBACK] Entrada: { userId: undefined, provider: undefined }
[JWT CALLBACK] Token final: {
  id: '1a96d908-e389-45d8-86c4-94c303e23fc9',
  email: 'juan.rodriguez@test.com',
  hasId: true
}
[JWT CALLBACK] === FIN ===


[SESSION CALLBACK] === INICIO ===
[SESSION CALLBACK] Session user antes: { email: 'juan.rodriguez@test.com', id: undefined }
[SESSION CALLBACK] Token: {
  id: '1a96d908-e389-45d8-86c4-94c303e23fc9',
  email: 'juan.rodriguez@test.com',
  sub: '1a96d908-e389-45d8-86c4-94c303e23fc9'
}
[SESSION CALLBACK] Session actualizado con usuario ID: 1a96d908-e389-45d8-86c4-94c303e23fc9
[SESSION CALLBACK] Session user después: {
  email: 'juan.rodriguez@test.com',
  id: '1a96d908-e389-45d8-86c4-94c303e23fc9'
}
[SESSION CALLBACK] === FIN ===


[JWT CALLBACK] === INICIO ===
[JWT CALLBACK] Entrada: { userId: undefined, provider: undefined }
[JWT CALLBACK] Token final: {
  id: '1a96d908-e389-45d8-86c4-94c303e23fc9',
  email: 'juan.rodriguez@test.com',
  hasId: true
}
[JWT CALLBACK] === FIN ===


[SESSION CALLBACK] === INICIO ===
[SESSION CALLBACK] Session user antes: { email: 'juan.rodriguez@test.com', id: undefined }
[SESSION CALLBACK] Token: {
  id: '1a96d908-e389-45d8-86c4-94c303e23fc9',
  email: 'juan.rodriguez@test.com',
  sub: '1a96d908-e389-45d8-86c4-94c303e23fc9'
}
[SESSION CALLBACK] Session actualizado con usuario ID: 1a96d908-e389-45d8-86c4-94c303e23fc9
[SESSION CALLBACK] Session user después: {
  email: 'juan.rodriguez@test.com',
  id: '1a96d908-e389-45d8-86c4-94c303e23fc9'
}
[SESSION CALLBACK] === FIN ===


[JWT CALLBACK] === INICIO ===
[JWT CALLBACK] Entrada: { userId: undefined, provider: undefined }
[JWT CALLBACK] Token final: {
  id: '1a96d908-e389-45d8-86c4-94c303e23fc9',
  email: 'juan.rodriguez@test.com',
  hasId: true
}
[JWT CALLBACK] === FIN ===


[SESSION CALLBACK] === INICIO ===
[SESSION CALLBACK] Session user antes: { email: 'juan.rodriguez@test.com', id: undefined }
[SESSION CALLBACK] Token: {
  id: '1a96d908-e389-45d8-86c4-94c303e23fc9',
  email: 'juan.rodriguez@test.com',
  sub: '1a96d908-e389-45d8-86c4-94c303e23fc9'
}
[SESSION CALLBACK] Session actualizado con usuario ID: 1a96d908-e389-45d8-86c4-94c303e23fc9
[SESSION CALLBACK] Session user después: {
  email: 'juan.rodriguez@test.com',
  id: '1a96d908-e389-45d8-86c4-94c303e23fc9'
}
[SESSION CALLBACK] === FIN ===

 GET /app/billing 200 in 224ms
 ○ Compiling /app/team ...
 ✓ Compiled /app/team in 2.3s

[JWT CALLBACK] === INICIO ===
[JWT CALLBACK] Entrada: { userId: undefined, provider: undefined }
[JWT CALLBACK] Token final: {
  id: '1a96d908-e389-45d8-86c4-94c303e23fc9',
  email: 'juan.rodriguez@test.com',
  hasId: true
}
[JWT CALLBACK] === FIN ===


[SESSION CALLBACK] === INICIO ===
[SESSION CALLBACK] Session user antes: { email: 'juan.rodriguez@test.com', id: undefined }
[SESSION CALLBACK] Token: {
  id: '1a96d908-e389-45d8-86c4-94c303e23fc9',
  email: 'juan.rodriguez@test.com',
  sub: '1a96d908-e389-45d8-86c4-94c303e23fc9'
}
[SESSION CALLBACK] Session actualizado con usuario ID: 1a96d908-e389-45d8-86c4-94c303e23fc9
[SESSION CALLBACK] Session user después: {
  email: 'juan.rodriguez@test.com',
  id: '1a96d908-e389-45d8-86c4-94c303e23fc9'
}
[SESSION CALLBACK] === FIN ===

 GET /app/team 200 in 2391ms

[JWT CALLBACK] === INICIO ===
[JWT CALLBACK] Entrada: { userId: undefined, provider: undefined }
[JWT CALLBACK] Token final: {
  id: '1a96d908-e389-45d8-86c4-94c303e23fc9',
  email: 'juan.rodriguez@test.com',
  hasId: true
}
[JWT CALLBACK] === FIN ===


[SESSION CALLBACK] === INICIO ===
[SESSION CALLBACK] Session user antes: { email: 'juan.rodriguez@test.com', id: undefined }
[SESSION CALLBACK] Token: {
  id: '1a96d908-e389-45d8-86c4-94c303e23fc9',
  email: 'juan.rodriguez@test.com',
  sub: '1a96d908-e389-45d8-86c4-94c303e23fc9'
}
[SESSION CALLBACK] Session actualizado con usuario ID: 1a96d908-e389-45d8-86c4-94c303e23fc9
[SESSION CALLBACK] Session user después: {
  email: 'juan.rodriguez@test.com',
  id: '1a96d908-e389-45d8-86c4-94c303e23fc9'
}
[SESSION CALLBACK] === FIN ===


[JWT CALLBACK] === INICIO ===
[JWT CALLBACK] Entrada: { userId: undefined, provider: undefined }
[JWT CALLBACK] Token final: {
  id: '1a96d908-e389-45d8-86c4-94c303e23fc9',
  email: 'juan.rodriguez@test.com',
  hasId: true
}
[JWT CALLBACK] === FIN ===


[SESSION CALLBACK] === INICIO ===
[SESSION CALLBACK] Session user antes: { email: 'juan.rodriguez@test.com', id: undefined }
[SESSION CALLBACK] Token: {
  id: '1a96d908-e389-45d8-86c4-94c303e23fc9',
  email: 'juan.rodriguez@test.com',
  sub: '1a96d908-e389-45d8-86c4-94c303e23fc9'
}
[SESSION CALLBACK] Session actualizado con usuario ID: 1a96d908-e389-45d8-86c4-94c303e23fc9
[SESSION CALLBACK] Session user después: {
  email: 'juan.rodriguez@test.com',
  id: '1a96d908-e389-45d8-86c4-94c303e23fc9'
}
[SESSION CALLBACK] === FIN ===

 GET /app 200 in 88ms
 GET /app/catalogs/ce438a37-3677-49e9-9f5b-4796096b8fc5 200 in 146ms
 GET /api/catalogs/ce438a37-3677-49e9-9f5b-4796096b8fc5 200 in 259ms
 GET /api/catalogs/ce438a37-3677-49e9-9f5b-4796096b8fc5 200 in 88ms
 GET /app/catalogs/ce438a37-3677-49e9-9f5b-4796096b8fc5/products 200 in 165ms
 GET /app/catalogs/ce438a37-3677-49e9-9f5b-4796096b8fc5/categories 200 in 152ms
 GET /app/catalogs/ce438a37-3677-49e9-9f5b-4796096b8fc5/design 200 in 139ms
