
> domicilios@0.1.0 test
> playwright test tests/google-oauth-callback.spec.ts --project=chromium


Running 1 test using 1 worker

[1A[2K[1/1] [chromium] › tests/google-oauth-callback.spec.ts:5:6 › Google OAuth Callback - Chromium Only
[1A[2K[chromium] › tests/google-oauth-callback.spec.ts:5:6 › Google OAuth Callback - Chromium Only
🚀 Navegando a /signup

[1A[2K[INFO] %cDownload the React DevTools for a better development experience: https://react.dev/link/react-devtools font-weight:bold

[1A[2K[RESPONSE] 200 - http://localhost:3000/api/auth/session

[1A[2K[RESPONSE] 200 - http://localhost:3000/api/auth/session

[1A[2K✅ Botón Google visible. Voy a hacer click...

[1A[2K[RESPONSE] 200 - http://localhost:3000/api/auth/providers

[1A[2K[RESPONSE] 200 - http://localhost:3000/api/auth/csrf

[1A[2K[RESPONSE] 200 - http://localhost:3000/api/auth/signin/google?

[1A[2K[LOG] %c%s color: red; background: yellow; font-size: 24px; WARNING!

[1A[2K[LOG] %c%s font-size: 18px; Using this console may allow attackers to impersonate you and steal your information using an attack called Self-XSS.
Do not enter or paste code that you do not understand.

[1A[2K  1) [chromium] › tests/google-oauth-callback.spec.ts:5:6 › Google OAuth Callback - Chromium Only ──

    [31mTest timeout of 300000ms exceeded.[39m

    Error: browserContext.waitForEvent: Test timeout of 300000ms exceeded.

      40 |   console.log('✅ Botón Google visible. Voy a hacer click...')
      41 |   const [popup] = await Promise.all([
    > 42 |     page.context().waitForEvent('page'), // Esperar popup de Google
         |                    ^
      43 |     page.click('button:has-text("Continuar con Google")'),
      44 |   ])
      45 |
        at /home/epayco21/Escritorio/richi-alvarez/domicilios/tests/google-oauth-callback.spec.ts:42:20

    attachment #1: screenshot (image/png) ──────────────────────────────────────────────────────────
    test-results/google-oauth-callback-Google-OAuth-Callback---Chromium-Only-chromium/test-failed-1.png
    ────────────────────────────────────────────────────────────────────────────────────────────────

    Error Context: test-results/google-oauth-callback-Google-OAuth-Callback---Chromium-Only-chromium/error-context.md


[1A[2K  Slow test file: [chromium] › tests/google-oauth-callback.spec.ts (5.0m)
  Consider running tests from slow files in parallel. See: https://playwright.dev/docs/test-parallel
  1 failed
    [chromium] › tests/google-oauth-callback.spec.ts:5:6 › Google OAuth Callback - Chromium Only ───
