[     249ms] [INFO] %cDownload the React DevTools for a better development experience: https://react.dev/link/react-devtools font-weight:bold @ http://localhost:3001/_next/static/chunks/node_modules_next_dist_compiled_2ce9398a._.js:16383
[     256ms] [LOG] %c%s%c 
[JWT CALLBACK] === INICIO === background: #e6e6e6;background: light-dark(rgba(0,0,0,0.1), rgba(255,255,255,0.25));color: #000000;color: light-dark(#000000, #ffffff);border-radius: 2px  Server   @ rsc://React/Server/file:///home/epayco21/Escritorio/richi-alvarez/domicilios/.next/server/chunks/ssr/%5Broot-of-the-server%5D__7df035db._.js?22:708
[     256ms] [LOG] %c%s%c [JWT CALLBACK] Entrada: background: #e6e6e6;background: light-dark(rgba(0,0,0,0.1), rgba(255,255,255,0.25));color: #000000;color: light-dark(#000000, #ffffff);border-radius: 2px  Server   {} @ rsc://React/Server/file:///home/epayco21/Escritorio/richi-alvarez/domicilios/.next/server/chunks/ssr/%5Broot-of-the-server%5D__7df035db._.js?24:709
[     256ms] [LOG] %c%s%c [JWT CALLBACK] Token final: background: #e6e6e6;background: light-dark(rgba(0,0,0,0.1), rgba(255,255,255,0.25));color: #000000;color: light-dark(#000000, #ffffff);border-radius: 2px  Server   {id: a971462d-3364-49fd-946c-253f38e38f49, email: carlos.garcia@test.com, hasId: true} @ rsc://React/Server/file:///home/epayco21/Escritorio/richi-alvarez/domicilios/.next/server/chunks/ssr/%5Broot-of-the-server%5D__7df035db._.js?25:733
[     257ms] [LOG] %c%s%c [JWT CALLBACK] === FIN ===
 background: #e6e6e6;background: light-dark(rgba(0,0,0,0.1), rgba(255,255,255,0.25));color: #000000;color: light-dark(#000000, #ffffff);border-radius: 2px  Server   @ rsc://React/Server/file:///home/epayco21/Escritorio/richi-alvarez/domicilios/.next/server/chunks/ssr/%5Broot-of-the-server%5D__7df035db._.js?26:738
[     257ms] [LOG] %c%s%c 
[SESSION CALLBACK] === INICIO === background: #e6e6e6;background: light-dark(rgba(0,0,0,0.1), rgba(255,255,255,0.25));color: #000000;color: light-dark(#000000, #ffffff);border-radius: 2px  Server   @ rsc://React/Server/file:///home/epayco21/Escritorio/richi-alvarez/domicilios/.next/server/chunks/ssr/%5Broot-of-the-server%5D__7df035db._.js?27:742
[     257ms] [LOG] %c%s%c [SESSION CALLBACK] Session user antes: background: #e6e6e6;background: light-dark(rgba(0,0,0,0.1), rgba(255,255,255,0.25));color: #000000;color: light-dark(#000000, #ffffff);border-radius: 2px  Server   {email: carlos.garcia@test.com} @ rsc://React/Server/file:///home/epayco21/Escritorio/richi-alvarez/domicilios/.next/server/chunks/ssr/%5Broot-of-the-server%5D__7df035db._.js?28:743
[     257ms] [LOG] %c%s%c [SESSION CALLBACK] Token: background: #e6e6e6;background: light-dark(rgba(0,0,0,0.1), rgba(255,255,255,0.25));color: #000000;color: light-dark(#000000, #ffffff);border-radius: 2px  Server   {id: a971462d-3364-49fd-946c-253f38e38f49, email: carlos.garcia@test.com, sub: a971462d-3364-49fd-946c-253f38e38f49} @ rsc://React/Server/file:///home/epayco21/Escritorio/richi-alvarez/domicilios/.next/server/chunks/ssr/%5Broot-of-the-server%5D__7df035db._.js?29:747
[     257ms] [LOG] %c%s%c [SESSION CALLBACK] Session actualizado con usuario ID: background: #e6e6e6;background: light-dark(rgba(0,0,0,0.1), rgba(255,255,255,0.25));color: #000000;color: light-dark(#000000, #ffffff);border-radius: 2px  Server   a971462d-3364-49fd-946c-253f38e38f49 @ rsc://React/Server/file:///home/epayco21/Escritorio/richi-alvarez/domicilios/.next/server/chunks/ssr/%5Broot-of-the-server%5D__7df035db._.js?30:754
[     257ms] [LOG] %c%s%c [SESSION CALLBACK] Session user después: background: #e6e6e6;background: light-dark(rgba(0,0,0,0.1), rgba(255,255,255,0.25));color: #000000;color: light-dark(#000000, #ffffff);border-radius: 2px  Server   {email: carlos.garcia@test.com, id: a971462d-3364-49fd-946c-253f38e38f49} @ rsc://React/Server/file:///home/epayco21/Escritorio/richi-alvarez/domicilios/.next/server/chunks/ssr/%5Broot-of-the-server%5D__7df035db._.js?31:758
[     258ms] [LOG] %c%s%c [SESSION CALLBACK] === FIN ===
 background: #e6e6e6;background: light-dark(rgba(0,0,0,0.1), rgba(255,255,255,0.25));color: #000000;color: light-dark(#000000, #ffffff);border-radius: 2px  Server   @ rsc://React/Server/file:///home/epayco21/Escritorio/richi-alvarez/domicilios/.next/server/chunks/ssr/%5Broot-of-the-server%5D__7df035db._.js?32:762
[     258ms] [LOG] %c%s%c 
[JWT CALLBACK] === INICIO === background: #e6e6e6;background: light-dark(rgba(0,0,0,0.1), rgba(255,255,255,0.25));color: #000000;color: light-dark(#000000, #ffffff);border-radius: 2px  Server   @ rsc://React/Server/file:///home/epayco21/Escritorio/richi-alvarez/domicilios/.next/server/chunks/ssr/%5Broot-of-the-server%5D__7df035db._.js?22:708
[     258ms] [LOG] %c%s%c [JWT CALLBACK] Entrada: background: #e6e6e6;background: light-dark(rgba(0,0,0,0.1), rgba(255,255,255,0.25));color: #000000;color: light-dark(#000000, #ffffff);border-radius: 2px  Server   {} @ rsc://React/Server/file:///home/epayco21/Escritorio/richi-alvarez/domicilios/.next/server/chunks/ssr/%5Broot-of-the-server%5D__7df035db._.js?24:709
[     258ms] [LOG] %c%s%c [JWT CALLBACK] Token final: background: #e6e6e6;background: light-dark(rgba(0,0,0,0.1), rgba(255,255,255,0.25));color: #000000;color: light-dark(#000000, #ffffff);border-radius: 2px  Server   {id: a971462d-3364-49fd-946c-253f38e38f49, email: carlos.garcia@test.com, hasId: true} @ rsc://React/Server/file:///home/epayco21/Escritorio/richi-alvarez/domicilios/.next/server/chunks/ssr/%5Broot-of-the-server%5D__7df035db._.js?25:733
[     258ms] [LOG] %c%s%c [JWT CALLBACK] === FIN ===
 background: #e6e6e6;background: light-dark(rgba(0,0,0,0.1), rgba(255,255,255,0.25));color: #000000;color: light-dark(#000000, #ffffff);border-radius: 2px  Server   @ rsc://React/Server/file:///home/epayco21/Escritorio/richi-alvarez/domicilios/.next/server/chunks/ssr/%5Broot-of-the-server%5D__7df035db._.js?26:738
[     258ms] [LOG] %c%s%c 
[SESSION CALLBACK] === INICIO === background: #e6e6e6;background: light-dark(rgba(0,0,0,0.1), rgba(255,255,255,0.25));color: #000000;color: light-dark(#000000, #ffffff);border-radius: 2px  Server   @ rsc://React/Server/file:///home/epayco21/Escritorio/richi-alvarez/domicilios/.next/server/chunks/ssr/%5Broot-of-the-server%5D__7df035db._.js?27:742
[     258ms] [LOG] %c%s%c [SESSION CALLBACK] Session user antes: background: #e6e6e6;background: light-dark(rgba(0,0,0,0.1), rgba(255,255,255,0.25));color: #000000;color: light-dark(#000000, #ffffff);border-radius: 2px  Server   {email: carlos.garcia@test.com} @ rsc://React/Server/file:///home/epayco21/Escritorio/richi-alvarez/domicilios/.next/server/chunks/ssr/%5Broot-of-the-server%5D__7df035db._.js?28:743
[     258ms] [LOG] %c%s%c [SESSION CALLBACK] Token: background: #e6e6e6;background: light-dark(rgba(0,0,0,0.1), rgba(255,255,255,0.25));color: #000000;color: light-dark(#000000, #ffffff);border-radius: 2px  Server   {id: a971462d-3364-49fd-946c-253f38e38f49, email: carlos.garcia@test.com, sub: a971462d-3364-49fd-946c-253f38e38f49} @ rsc://React/Server/file:///home/epayco21/Escritorio/richi-alvarez/domicilios/.next/server/chunks/ssr/%5Broot-of-the-server%5D__7df035db._.js?29:747
[     259ms] [LOG] %c%s%c [SESSION CALLBACK] Session actualizado con usuario ID: background: #e6e6e6;background: light-dark(rgba(0,0,0,0.1), rgba(255,255,255,0.25));color: #000000;color: light-dark(#000000, #ffffff);border-radius: 2px  Server   a971462d-3364-49fd-946c-253f38e38f49 @ rsc://React/Server/file:///home/epayco21/Escritorio/richi-alvarez/domicilios/.next/server/chunks/ssr/%5Broot-of-the-server%5D__7df035db._.js?30:754
[     259ms] [LOG] %c%s%c [SESSION CALLBACK] Session user después: background: #e6e6e6;background: light-dark(rgba(0,0,0,0.1), rgba(255,255,255,0.25));color: #000000;color: light-dark(#000000, #ffffff);border-radius: 2px  Server   {email: carlos.garcia@test.com, id: a971462d-3364-49fd-946c-253f38e38f49} @ rsc://React/Server/file:///home/epayco21/Escritorio/richi-alvarez/domicilios/.next/server/chunks/ssr/%5Broot-of-the-server%5D__7df035db._.js?31:758
[     259ms] [LOG] %c%s%c [SESSION CALLBACK] === FIN ===
 background: #e6e6e6;background: light-dark(rgba(0,0,0,0.1), rgba(255,255,255,0.25));color: #000000;color: light-dark(#000000, #ffffff);border-radius: 2px  Server   @ rsc://React/Server/file:///home/epayco21/Escritorio/richi-alvarez/domicilios/.next/server/chunks/ssr/%5Broot-of-the-server%5D__7df035db._.js?32:762
[     259ms] [LOG] %c%s%c 
[JWT CALLBACK] === INICIO === background: #e6e6e6;background: light-dark(rgba(0,0,0,0.1), rgba(255,255,255,0.25));color: #000000;color: light-dark(#000000, #ffffff);border-radius: 2px  Server   @ rsc://React/Server/file:///home/epayco21/Escritorio/richi-alvarez/domicilios/.next/server/chunks/ssr/%5Broot-of-the-server%5D__7df035db._.js?22:708
[     259ms] [LOG] %c%s%c [JWT CALLBACK] Entrada: background: #e6e6e6;background: light-dark(rgba(0,0,0,0.1), rgba(255,255,255,0.25));color: #000000;color: light-dark(#000000, #ffffff);border-radius: 2px  Server   {} @ rsc://React/Server/file:///home/epayco21/Escritorio/richi-alvarez/domicilios/.next/server/chunks/ssr/%5Broot-of-the-server%5D__7df035db._.js?24:709
[     259ms] [LOG] %c%s%c [JWT CALLBACK] Token final: background: #e6e6e6;background: light-dark(rgba(0,0,0,0.1), rgba(255,255,255,0.25));color: #000000;color: light-dark(#000000, #ffffff);border-radius: 2px  Server   {id: a971462d-3364-49fd-946c-253f38e38f49, email: carlos.garcia@test.com, hasId: true} @ rsc://React/Server/file:///home/epayco21/Escritorio/richi-alvarez/domicilios/.next/server/chunks/ssr/%5Broot-of-the-server%5D__7df035db._.js?25:733
[     259ms] [LOG] %c%s%c [JWT CALLBACK] === FIN ===
 background: #e6e6e6;background: light-dark(rgba(0,0,0,0.1), rgba(255,255,255,0.25));color: #000000;color: light-dark(#000000, #ffffff);border-radius: 2px  Server   @ rsc://React/Server/file:///home/epayco21/Escritorio/richi-alvarez/domicilios/.next/server/chunks/ssr/%5Broot-of-the-server%5D__7df035db._.js?26:738
[     260ms] [LOG] %c%s%c 
[SESSION CALLBACK] === INICIO === background: #e6e6e6;background: light-dark(rgba(0,0,0,0.1), rgba(255,255,255,0.25));color: #000000;color: light-dark(#000000, #ffffff);border-radius: 2px  Server   @ rsc://React/Server/file:///home/epayco21/Escritorio/richi-alvarez/domicilios/.next/server/chunks/ssr/%5Broot-of-the-server%5D__7df035db._.js?27:742
[     260ms] [LOG] %c%s%c [SESSION CALLBACK] Session user antes: background: #e6e6e6;background: light-dark(rgba(0,0,0,0.1), rgba(255,255,255,0.25));color: #000000;color: light-dark(#000000, #ffffff);border-radius: 2px  Server   {email: carlos.garcia@test.com} @ rsc://React/Server/file:///home/epayco21/Escritorio/richi-alvarez/domicilios/.next/server/chunks/ssr/%5Broot-of-the-server%5D__7df035db._.js?28:743
[     260ms] [LOG] %c%s%c [SESSION CALLBACK] Token: background: #e6e6e6;background: light-dark(rgba(0,0,0,0.1), rgba(255,255,255,0.25));color: #000000;color: light-dark(#000000, #ffffff);border-radius: 2px  Server   {id: a971462d-3364-49fd-946c-253f38e38f49, email: carlos.garcia@test.com, sub: a971462d-3364-49fd-946c-253f38e38f49} @ rsc://React/Server/file:///home/epayco21/Escritorio/richi-alvarez/domicilios/.next/server/chunks/ssr/%5Broot-of-the-server%5D__7df035db._.js?29:747
[     260ms] [LOG] %c%s%c [SESSION CALLBACK] Session actualizado con usuario ID: background: #e6e6e6;background: light-dark(rgba(0,0,0,0.1), rgba(255,255,255,0.25));color: #000000;color: light-dark(#000000, #ffffff);border-radius: 2px  Server   a971462d-3364-49fd-946c-253f38e38f49 @ rsc://React/Server/file:///home/epayco21/Escritorio/richi-alvarez/domicilios/.next/server/chunks/ssr/%5Broot-of-the-server%5D__7df035db._.js?30:754
[     260ms] [LOG] %c%s%c [SESSION CALLBACK] Session user después: background: #e6e6e6;background: light-dark(rgba(0,0,0,0.1), rgba(255,255,255,0.25));color: #000000;color: light-dark(#000000, #ffffff);border-radius: 2px  Server   {email: carlos.garcia@test.com, id: a971462d-3364-49fd-946c-253f38e38f49} @ rsc://React/Server/file:///home/epayco21/Escritorio/richi-alvarez/domicilios/.next/server/chunks/ssr/%5Broot-of-the-server%5D__7df035db._.js?31:758
[     260ms] [LOG] %c%s%c [SESSION CALLBACK] === FIN ===
 background: #e6e6e6;background: light-dark(rgba(0,0,0,0.1), rgba(255,255,255,0.25));color: #000000;color: light-dark(#000000, #ffffff);border-radius: 2px  Server   @ rsc://React/Server/file:///home/epayco21/Escritorio/richi-alvarez/domicilios/.next/server/chunks/ssr/%5Broot-of-the-server%5D__7df035db._.js?32:762
[     442ms] [LOG] [Fast Refresh] done in NaNms @ http://localhost:3001/_next/static/chunks/node_modules_next_dist_client_8f19e6fb._.js:14891
[     553ms] [LOG] [Fast Refresh] rebuilding @ http://localhost:3001/_next/static/chunks/node_modules_next_dist_client_8f19e6fb._.js:15027
[     556ms] [LOG] [Fast Refresh] done in 103ms @ http://localhost:3001/_next/static/chunks/node_modules_next_dist_client_8f19e6fb._.js:14891
[    7903ms] [LOG] [Fast Refresh] rebuilding @ http://localhost:3001/_next/static/chunks/node_modules_next_dist_client_8f19e6fb._.js:15027
[    7906ms] [LOG] [Fast Refresh] done in 113ms @ http://localhost:3001/_next/static/chunks/node_modules_next_dist_client_8f19e6fb._.js:14891
[    8314ms] [ERROR] %o

%s Error: Event handlers cannot be passed to Client Component props.
  <button onClick={function onClick} className=... title=... children=...>
                  ^^^^^^^^^^^^^^^^^^
If you need interactivity, consider converting part of this to a Client Component.
    at resolveErrorDev (http://localhost:3001/_next/static/chunks/node_modules_next_dist_compiled_2ce9398a._.js:17602:48)
    at processFullStringRow (http://localhost:3001/_next/static/chunks/node_modules_next_dist_compiled_2ce9398a._.js:17818:23)
    at processFullBinaryRow (http://localhost:3001/_next/static/chunks/node_modules_next_dist_compiled_2ce9398a._.js:17806:9)
    at progress (http://localhost:3001/_next/static/chunks/node_modules_next_dist_compiled_2ce9398a._.js:17954:102) The above error occurred in the <button> component. It was handled by the <ErrorBoundaryHandler> error boundary. @ http://localhost:3001/_next/static/chunks/node_modules_next_dist_client_8f19e6fb._.js:1863
[    8323ms] [ERROR] Error: Event handlers cannot be passed to Client Component props.
  <button onClick={function onClick} className=... title=... children=...>
                  ^^^^^^^^^^^^^^^^^^
If you need interactivity, consider converting part of this to a Client Component.
    at resolveErrorDev (http://localhost:3001/_next/static/chunks/node_modules_next_dist_compiled_2ce9398a._.js:17602:48)
    at processFullStringRow (http://localhost:3001/_next/static/chunks/node_modules_next_dist_compiled_2ce9398a._.js:17818:23)
    at processFullBinaryRow (http://localhost:3001/_next/static/chunks/node_modules_next_dist_compiled_2ce9398a._.js:17806:9)
    at progress (http://localhost:3001/_next/static/chunks/node_modules_next_dist_compiled_2ce9398a._.js:17954:102) @ http://localhost:3001/_next/static/chunks/node_modules_next_dist_client_8f19e6fb._.js:1225
[    8324ms] [ERROR] Error: Event handlers cannot be passed to Client Component props.
  <button onClick={function onClick} className=... title=... children=...>
                  ^^^^^^^^^^^^^^^^^^
If you need interactivity, consider converting part of this to a Client Component.
    at resolveErrorDev (http://localhost:3001/_next/static/chunks/node_modules_next_dist_compiled_2ce9398a._.js:17602:48)
    at processFullStringRow (http://localhost:3001/_next/static/chunks/node_modules_next_dist_compiled_2ce9398a._.js:17818:23)
    at processFullBinaryRow (http://localhost:3001/_next/static/chunks/node_modules_next_dist_compiled_2ce9398a._.js:17806:9)
    at progress (http://localhost:3001/_next/static/chunks/node_modules_next_dist_compiled_2ce9398a._.js:17954:102) @ http://localhost:3001/_next/static/chunks/node_modules_next_dist_client_8f19e6fb._.js:1225
[    9935ms] [LOG] [Fast Refresh] rebuilding @ http://localhost:3001/_next/static/chunks/node_modules_next_dist_client_8f19e6fb._.js:15027
[    9957ms] [LOG] [Fast Refresh] done in 121ms @ http://localhost:3001/_next/static/chunks/node_modules_next_dist_client_8f19e6fb._.js:14891
