[     361ms] [INFO] %cDownload the React DevTools for a better development experience: https://react.dev/link/react-devtools font-weight:bold @ http://localhost:3001/_next/static/chunks/node_modules_next_dist_compiled_2ce9398a._.js:16383
[     751ms] [LOG] [Fast Refresh] done in NaNms @ http://localhost:3001/_next/static/chunks/node_modules_next_dist_client_8f19e6fb._.js:14891
[    1242ms] [LOG] [Fast Refresh] rebuilding @ http://localhost:3001/_next/static/chunks/node_modules_next_dist_client_8f19e6fb._.js:15027
[    1315ms] [LOG] [Fast Refresh] done in 173ms @ http://localhost:3001/_next/static/chunks/node_modules_next_dist_client_8f19e6fb._.js:14891
[    2342ms] [LOG] [Fast Refresh] rebuilding @ http://localhost:3001/_next/static/chunks/node_modules_next_dist_client_8f19e6fb._.js:15027
[    2352ms] [LOG] [Fast Refresh] done in 112ms @ http://localhost:3001/_next/static/chunks/node_modules_next_dist_client_8f19e6fb._.js:14891
[   10910ms] [LOG] [Fast Refresh] rebuilding @ http://localhost:3001/_next/static/chunks/node_modules_next_dist_client_8f19e6fb._.js:15027
[   10912ms] [LOG] [Fast Refresh] done in 103ms @ http://localhost:3001/_next/static/chunks/node_modules_next_dist_client_8f19e6fb._.js:14891
[   11159ms] [LOG] [Fast Refresh] rebuilding @ http://localhost:3001/_next/static/chunks/node_modules_next_dist_client_8f19e6fb._.js:15027
[   11301ms] [LOG] [Fast Refresh] done in 243ms @ http://localhost:3001/_next/static/chunks/node_modules_next_dist_client_8f19e6fb._.js:14891
[   11908ms] [LOG] %c%s%c 
[JWT CALLBACK] === INICIO === background: #e6e6e6;background: light-dark(rgba(0,0,0,0.1), rgba(255,255,255,0.25));color: #000000;color: light-dark(#000000, #ffffff);border-radius: 2px  Server   @ rsc://React/Server/file:///home/epayco21/Escritorio/richi-alvarez/domicilios/.next/server/chunks/ssr/%5Broot-of-the-server%5D__7df035db._.js?41:708
[   11909ms] [LOG] %c%s%c [JWT CALLBACK] Entrada: background: #e6e6e6;background: light-dark(rgba(0,0,0,0.1), rgba(255,255,255,0.25));color: #000000;color: light-dark(#000000, #ffffff);border-radius: 2px  Server   {} @ rsc://React/Server/file:///home/epayco21/Escritorio/richi-alvarez/domicilios/.next/server/chunks/ssr/%5Broot-of-the-server%5D__7df035db._.js?43:709
[   11909ms] [LOG] %c%s%c [JWT CALLBACK] Token final: background: #e6e6e6;background: light-dark(rgba(0,0,0,0.1), rgba(255,255,255,0.25));color: #000000;color: light-dark(#000000, #ffffff);border-radius: 2px  Server   {id: f9ed9d5d-760f-4f62-9ba2-c0e6d03759ec, email: maria.lopez@test.com, hasId: true} @ rsc://React/Server/file:///home/epayco21/Escritorio/richi-alvarez/domicilios/.next/server/chunks/ssr/%5Broot-of-the-server%5D__7df035db._.js?44:733
[   11909ms] [LOG] %c%s%c [JWT CALLBACK] === FIN ===
 background: #e6e6e6;background: light-dark(rgba(0,0,0,0.1), rgba(255,255,255,0.25));color: #000000;color: light-dark(#000000, #ffffff);border-radius: 2px  Server   @ rsc://React/Server/file:///home/epayco21/Escritorio/richi-alvarez/domicilios/.next/server/chunks/ssr/%5Broot-of-the-server%5D__7df035db._.js?45:738
[   11927ms] [LOG] %c%s%c 
[SESSION CALLBACK] === INICIO === background: #e6e6e6;background: light-dark(rgba(0,0,0,0.1), rgba(255,255,255,0.25));color: #000000;color: light-dark(#000000, #ffffff);border-radius: 2px  Server   @ rsc://React/Server/file:///home/epayco21/Escritorio/richi-alvarez/domicilios/.next/server/chunks/ssr/%5Broot-of-the-server%5D__7df035db._.js?46:742
[   11928ms] [LOG] %c%s%c [SESSION CALLBACK] Session user antes: background: #e6e6e6;background: light-dark(rgba(0,0,0,0.1), rgba(255,255,255,0.25));color: #000000;color: light-dark(#000000, #ffffff);border-radius: 2px  Server   {email: maria.lopez@test.com} @ rsc://React/Server/file:///home/epayco21/Escritorio/richi-alvarez/domicilios/.next/server/chunks/ssr/%5Broot-of-the-server%5D__7df035db._.js?47:743
[   11928ms] [LOG] %c%s%c [SESSION CALLBACK] Token: background: #e6e6e6;background: light-dark(rgba(0,0,0,0.1), rgba(255,255,255,0.25));color: #000000;color: light-dark(#000000, #ffffff);border-radius: 2px  Server   {id: f9ed9d5d-760f-4f62-9ba2-c0e6d03759ec, email: maria.lopez@test.com, sub: f9ed9d5d-760f-4f62-9ba2-c0e6d03759ec} @ rsc://React/Server/file:///home/epayco21/Escritorio/richi-alvarez/domicilios/.next/server/chunks/ssr/%5Broot-of-the-server%5D__7df035db._.js?48:747
[   11928ms] [LOG] %c%s%c [SESSION CALLBACK] Session actualizado con usuario ID: background: #e6e6e6;background: light-dark(rgba(0,0,0,0.1), rgba(255,255,255,0.25));color: #000000;color: light-dark(#000000, #ffffff);border-radius: 2px  Server   f9ed9d5d-760f-4f62-9ba2-c0e6d03759ec @ rsc://React/Server/file:///home/epayco21/Escritorio/richi-alvarez/domicilios/.next/server/chunks/ssr/%5Broot-of-the-server%5D__7df035db._.js?49:754
[   11928ms] [LOG] %c%s%c [SESSION CALLBACK] Session user después: background: #e6e6e6;background: light-dark(rgba(0,0,0,0.1), rgba(255,255,255,0.25));color: #000000;color: light-dark(#000000, #ffffff);border-radius: 2px  Server   {email: maria.lopez@test.com, id: f9ed9d5d-760f-4f62-9ba2-c0e6d03759ec} @ rsc://React/Server/file:///home/epayco21/Escritorio/richi-alvarez/domicilios/.next/server/chunks/ssr/%5Broot-of-the-server%5D__7df035db._.js?50:758
[   11929ms] [LOG] %c%s%c [SESSION CALLBACK] === FIN ===
 background: #e6e6e6;background: light-dark(rgba(0,0,0,0.1), rgba(255,255,255,0.25));color: #000000;color: light-dark(#000000, #ffffff);border-radius: 2px  Server   @ rsc://React/Server/file:///home/epayco21/Escritorio/richi-alvarez/domicilios/.next/server/chunks/ssr/%5Broot-of-the-server%5D__7df035db._.js?51:762
[   11929ms] [LOG] %c%s%c 
[JWT CALLBACK] === INICIO === background: #e6e6e6;background: light-dark(rgba(0,0,0,0.1), rgba(255,255,255,0.25));color: #000000;color: light-dark(#000000, #ffffff);border-radius: 2px  Server   @ rsc://React/Server/file:///home/epayco21/Escritorio/richi-alvarez/domicilios/.next/server/chunks/ssr/%5Broot-of-the-server%5D__7df035db._.js?41:708
[   11929ms] [LOG] %c%s%c [JWT CALLBACK] Entrada: background: #e6e6e6;background: light-dark(rgba(0,0,0,0.1), rgba(255,255,255,0.25));color: #000000;color: light-dark(#000000, #ffffff);border-radius: 2px  Server   {} @ rsc://React/Server/file:///home/epayco21/Escritorio/richi-alvarez/domicilios/.next/server/chunks/ssr/%5Broot-of-the-server%5D__7df035db._.js?43:709
[   11929ms] [LOG] %c%s%c [JWT CALLBACK] Token final: background: #e6e6e6;background: light-dark(rgba(0,0,0,0.1), rgba(255,255,255,0.25));color: #000000;color: light-dark(#000000, #ffffff);border-radius: 2px  Server   {id: f9ed9d5d-760f-4f62-9ba2-c0e6d03759ec, email: maria.lopez@test.com, hasId: true} @ rsc://React/Server/file:///home/epayco21/Escritorio/richi-alvarez/domicilios/.next/server/chunks/ssr/%5Broot-of-the-server%5D__7df035db._.js?44:733
[   11929ms] [LOG] %c%s%c [JWT CALLBACK] === FIN ===
 background: #e6e6e6;background: light-dark(rgba(0,0,0,0.1), rgba(255,255,255,0.25));color: #000000;color: light-dark(#000000, #ffffff);border-radius: 2px  Server   @ rsc://React/Server/file:///home/epayco21/Escritorio/richi-alvarez/domicilios/.next/server/chunks/ssr/%5Broot-of-the-server%5D__7df035db._.js?45:738
[   11929ms] [LOG] %c%s%c 
[SESSION CALLBACK] === INICIO === background: #e6e6e6;background: light-dark(rgba(0,0,0,0.1), rgba(255,255,255,0.25));color: #000000;color: light-dark(#000000, #ffffff);border-radius: 2px  Server   @ rsc://React/Server/file:///home/epayco21/Escritorio/richi-alvarez/domicilios/.next/server/chunks/ssr/%5Broot-of-the-server%5D__7df035db._.js?46:742
[   11929ms] [LOG] %c%s%c [SESSION CALLBACK] Session user antes: background: #e6e6e6;background: light-dark(rgba(0,0,0,0.1), rgba(255,255,255,0.25));color: #000000;color: light-dark(#000000, #ffffff);border-radius: 2px  Server   {email: maria.lopez@test.com} @ rsc://React/Server/file:///home/epayco21/Escritorio/richi-alvarez/domicilios/.next/server/chunks/ssr/%5Broot-of-the-server%5D__7df035db._.js?47:743
[   11930ms] [LOG] %c%s%c [SESSION CALLBACK] Token: background: #e6e6e6;background: light-dark(rgba(0,0,0,0.1), rgba(255,255,255,0.25));color: #000000;color: light-dark(#000000, #ffffff);border-radius: 2px  Server   {id: f9ed9d5d-760f-4f62-9ba2-c0e6d03759ec, email: maria.lopez@test.com, sub: f9ed9d5d-760f-4f62-9ba2-c0e6d03759ec} @ rsc://React/Server/file:///home/epayco21/Escritorio/richi-alvarez/domicilios/.next/server/chunks/ssr/%5Broot-of-the-server%5D__7df035db._.js?48:747
[   11930ms] [LOG] %c%s%c [SESSION CALLBACK] Session actualizado con usuario ID: background: #e6e6e6;background: light-dark(rgba(0,0,0,0.1), rgba(255,255,255,0.25));color: #000000;color: light-dark(#000000, #ffffff);border-radius: 2px  Server   f9ed9d5d-760f-4f62-9ba2-c0e6d03759ec @ rsc://React/Server/file:///home/epayco21/Escritorio/richi-alvarez/domicilios/.next/server/chunks/ssr/%5Broot-of-the-server%5D__7df035db._.js?49:754
[   11930ms] [LOG] %c%s%c [SESSION CALLBACK] Session user después: background: #e6e6e6;background: light-dark(rgba(0,0,0,0.1), rgba(255,255,255,0.25));color: #000000;color: light-dark(#000000, #ffffff);border-radius: 2px  Server   {email: maria.lopez@test.com, id: f9ed9d5d-760f-4f62-9ba2-c0e6d03759ec} @ rsc://React/Server/file:///home/epayco21/Escritorio/richi-alvarez/domicilios/.next/server/chunks/ssr/%5Broot-of-the-server%5D__7df035db._.js?50:758
[   11930ms] [LOG] %c%s%c [SESSION CALLBACK] === FIN ===
 background: #e6e6e6;background: light-dark(rgba(0,0,0,0.1), rgba(255,255,255,0.25));color: #000000;color: light-dark(#000000, #ffffff);border-radius: 2px  Server   @ rsc://React/Server/file:///home/epayco21/Escritorio/richi-alvarez/domicilios/.next/server/chunks/ssr/%5Broot-of-the-server%5D__7df035db._.js?51:762
[   11930ms] [LOG] %c%s%c 
[JWT CALLBACK] === INICIO === background: #e6e6e6;background: light-dark(rgba(0,0,0,0.1), rgba(255,255,255,0.25));color: #000000;color: light-dark(#000000, #ffffff);border-radius: 2px  Server   @ rsc://React/Server/file:///home/epayco21/Escritorio/richi-alvarez/domicilios/.next/server/chunks/ssr/%5Broot-of-the-server%5D__7df035db._.js?41:708
[   11931ms] [LOG] %c%s%c [JWT CALLBACK] Entrada: background: #e6e6e6;background: light-dark(rgba(0,0,0,0.1), rgba(255,255,255,0.25));color: #000000;color: light-dark(#000000, #ffffff);border-radius: 2px  Server   {} @ rsc://React/Server/file:///home/epayco21/Escritorio/richi-alvarez/domicilios/.next/server/chunks/ssr/%5Broot-of-the-server%5D__7df035db._.js?43:709
[   11931ms] [LOG] %c%s%c [JWT CALLBACK] Token final: background: #e6e6e6;background: light-dark(rgba(0,0,0,0.1), rgba(255,255,255,0.25));color: #000000;color: light-dark(#000000, #ffffff);border-radius: 2px  Server   {id: f9ed9d5d-760f-4f62-9ba2-c0e6d03759ec, email: maria.lopez@test.com, hasId: true} @ rsc://React/Server/file:///home/epayco21/Escritorio/richi-alvarez/domicilios/.next/server/chunks/ssr/%5Broot-of-the-server%5D__7df035db._.js?44:733
[   11931ms] [LOG] %c%s%c [JWT CALLBACK] === FIN ===
 background: #e6e6e6;background: light-dark(rgba(0,0,0,0.1), rgba(255,255,255,0.25));color: #000000;color: light-dark(#000000, #ffffff);border-radius: 2px  Server   @ rsc://React/Server/file:///home/epayco21/Escritorio/richi-alvarez/domicilios/.next/server/chunks/ssr/%5Broot-of-the-server%5D__7df035db._.js?45:738
[   11931ms] [LOG] %c%s%c 
[SESSION CALLBACK] === INICIO === background: #e6e6e6;background: light-dark(rgba(0,0,0,0.1), rgba(255,255,255,0.25));color: #000000;color: light-dark(#000000, #ffffff);border-radius: 2px  Server   @ rsc://React/Server/file:///home/epayco21/Escritorio/richi-alvarez/domicilios/.next/server/chunks/ssr/%5Broot-of-the-server%5D__7df035db._.js?46:742
[   11931ms] [LOG] %c%s%c [SESSION CALLBACK] Session user antes: background: #e6e6e6;background: light-dark(rgba(0,0,0,0.1), rgba(255,255,255,0.25));color: #000000;color: light-dark(#000000, #ffffff);border-radius: 2px  Server   {email: maria.lopez@test.com} @ rsc://React/Server/file:///home/epayco21/Escritorio/richi-alvarez/domicilios/.next/server/chunks/ssr/%5Broot-of-the-server%5D__7df035db._.js?47:743
[   11931ms] [LOG] %c%s%c [SESSION CALLBACK] Token: background: #e6e6e6;background: light-dark(rgba(0,0,0,0.1), rgba(255,255,255,0.25));color: #000000;color: light-dark(#000000, #ffffff);border-radius: 2px  Server   {id: f9ed9d5d-760f-4f62-9ba2-c0e6d03759ec, email: maria.lopez@test.com, sub: f9ed9d5d-760f-4f62-9ba2-c0e6d03759ec} @ rsc://React/Server/file:///home/epayco21/Escritorio/richi-alvarez/domicilios/.next/server/chunks/ssr/%5Broot-of-the-server%5D__7df035db._.js?48:747
[   11932ms] [LOG] %c%s%c [SESSION CALLBACK] Session actualizado con usuario ID: background: #e6e6e6;background: light-dark(rgba(0,0,0,0.1), rgba(255,255,255,0.25));color: #000000;color: light-dark(#000000, #ffffff);border-radius: 2px  Server   f9ed9d5d-760f-4f62-9ba2-c0e6d03759ec @ rsc://React/Server/file:///home/epayco21/Escritorio/richi-alvarez/domicilios/.next/server/chunks/ssr/%5Broot-of-the-server%5D__7df035db._.js?49:754
[   11932ms] [LOG] %c%s%c [SESSION CALLBACK] Session user después: background: #e6e6e6;background: light-dark(rgba(0,0,0,0.1), rgba(255,255,255,0.25));color: #000000;color: light-dark(#000000, #ffffff);border-radius: 2px  Server   {email: maria.lopez@test.com, id: f9ed9d5d-760f-4f62-9ba2-c0e6d03759ec} @ rsc://React/Server/file:///home/epayco21/Escritorio/richi-alvarez/domicilios/.next/server/chunks/ssr/%5Broot-of-the-server%5D__7df035db._.js?50:758
[   11932ms] [LOG] %c%s%c [SESSION CALLBACK] === FIN ===
 background: #e6e6e6;background: light-dark(rgba(0,0,0,0.1), rgba(255,255,255,0.25));color: #000000;color: light-dark(#000000, #ffffff);border-radius: 2px  Server   @ rsc://React/Server/file:///home/epayco21/Escritorio/richi-alvarez/domicilios/.next/server/chunks/ssr/%5Broot-of-the-server%5D__7df035db._.js?51:762
[   12069ms] [LOG] %c%s%c 
[JWT CALLBACK] === INICIO === background: #e6e6e6;background: light-dark(rgba(0,0,0,0.1), rgba(255,255,255,0.25));color: #000000;color: light-dark(#000000, #ffffff);border-radius: 2px  Server   @ rsc://React/Server/file:///home/epayco21/Escritorio/richi-alvarez/domicilios/.next/server/chunks/ssr/%5Broot-of-the-server%5D__7df035db._.js?41:708
[   12069ms] [LOG] %c%s%c [JWT CALLBACK] Entrada: background: #e6e6e6;background: light-dark(rgba(0,0,0,0.1), rgba(255,255,255,0.25));color: #000000;color: light-dark(#000000, #ffffff);border-radius: 2px  Server   {} @ rsc://React/Server/file:///home/epayco21/Escritorio/richi-alvarez/domicilios/.next/server/chunks/ssr/%5Broot-of-the-server%5D__7df035db._.js?43:709
[   12069ms] [LOG] %c%s%c [JWT CALLBACK] Token final: background: #e6e6e6;background: light-dark(rgba(0,0,0,0.1), rgba(255,255,255,0.25));color: #000000;color: light-dark(#000000, #ffffff);border-radius: 2px  Server   {id: f9ed9d5d-760f-4f62-9ba2-c0e6d03759ec, email: maria.lopez@test.com, hasId: true} @ rsc://React/Server/file:///home/epayco21/Escritorio/richi-alvarez/domicilios/.next/server/chunks/ssr/%5Broot-of-the-server%5D__7df035db._.js?44:733
[   12069ms] [LOG] %c%s%c [JWT CALLBACK] === FIN ===
 background: #e6e6e6;background: light-dark(rgba(0,0,0,0.1), rgba(255,255,255,0.25));color: #000000;color: light-dark(#000000, #ffffff);border-radius: 2px  Server   @ rsc://React/Server/file:///home/epayco21/Escritorio/richi-alvarez/domicilios/.next/server/chunks/ssr/%5Broot-of-the-server%5D__7df035db._.js?45:738
[   12069ms] [LOG] %c%s%c 
[SESSION CALLBACK] === INICIO === background: #e6e6e6;background: light-dark(rgba(0,0,0,0.1), rgba(255,255,255,0.25));color: #000000;color: light-dark(#000000, #ffffff);border-radius: 2px  Server   @ rsc://React/Server/file:///home/epayco21/Escritorio/richi-alvarez/domicilios/.next/server/chunks/ssr/%5Broot-of-the-server%5D__7df035db._.js?46:742
[   12069ms] [LOG] %c%s%c [SESSION CALLBACK] Session user antes: background: #e6e6e6;background: light-dark(rgba(0,0,0,0.1), rgba(255,255,255,0.25));color: #000000;color: light-dark(#000000, #ffffff);border-radius: 2px  Server   {email: maria.lopez@test.com} @ rsc://React/Server/file:///home/epayco21/Escritorio/richi-alvarez/domicilios/.next/server/chunks/ssr/%5Broot-of-the-server%5D__7df035db._.js?47:743
[   12070ms] [LOG] %c%s%c [SESSION CALLBACK] Token: background: #e6e6e6;background: light-dark(rgba(0,0,0,0.1), rgba(255,255,255,0.25));color: #000000;color: light-dark(#000000, #ffffff);border-radius: 2px  Server   {id: f9ed9d5d-760f-4f62-9ba2-c0e6d03759ec, email: maria.lopez@test.com, sub: f9ed9d5d-760f-4f62-9ba2-c0e6d03759ec} @ rsc://React/Server/file:///home/epayco21/Escritorio/richi-alvarez/domicilios/.next/server/chunks/ssr/%5Broot-of-the-server%5D__7df035db._.js?48:747
[   12070ms] [LOG] %c%s%c [SESSION CALLBACK] Session actualizado con usuario ID: background: #e6e6e6;background: light-dark(rgba(0,0,0,0.1), rgba(255,255,255,0.25));color: #000000;color: light-dark(#000000, #ffffff);border-radius: 2px  Server   f9ed9d5d-760f-4f62-9ba2-c0e6d03759ec @ rsc://React/Server/file:///home/epayco21/Escritorio/richi-alvarez/domicilios/.next/server/chunks/ssr/%5Broot-of-the-server%5D__7df035db._.js?49:754
[   12070ms] [LOG] %c%s%c [SESSION CALLBACK] Session user después: background: #e6e6e6;background: light-dark(rgba(0,0,0,0.1), rgba(255,255,255,0.25));color: #000000;color: light-dark(#000000, #ffffff);border-radius: 2px  Server   {email: maria.lopez@test.com, id: f9ed9d5d-760f-4f62-9ba2-c0e6d03759ec} @ rsc://React/Server/file:///home/epayco21/Escritorio/richi-alvarez/domicilios/.next/server/chunks/ssr/%5Broot-of-the-server%5D__7df035db._.js?50:758
[   12070ms] [LOG] %c%s%c [SESSION CALLBACK] === FIN ===
 background: #e6e6e6;background: light-dark(rgba(0,0,0,0.1), rgba(255,255,255,0.25));color: #000000;color: light-dark(#000000, #ffffff);border-radius: 2px  Server   @ rsc://React/Server/file:///home/epayco21/Escritorio/richi-alvarez/domicilios/.next/server/chunks/ssr/%5Broot-of-the-server%5D__7df035db._.js?51:762
[   12070ms] [LOG] %c%s%c 
[JWT CALLBACK] === INICIO === background: #e6e6e6;background: light-dark(rgba(0,0,0,0.1), rgba(255,255,255,0.25));color: #000000;color: light-dark(#000000, #ffffff);border-radius: 2px  Server   @ rsc://React/Server/file:///home/epayco21/Escritorio/richi-alvarez/domicilios/.next/server/chunks/ssr/%5Broot-of-the-server%5D__7df035db._.js?41:708
[   12070ms] [LOG] %c%s%c [JWT CALLBACK] Entrada: background: #e6e6e6;background: light-dark(rgba(0,0,0,0.1), rgba(255,255,255,0.25));color: #000000;color: light-dark(#000000, #ffffff);border-radius: 2px  Server   {} @ rsc://React/Server/file:///home/epayco21/Escritorio/richi-alvarez/domicilios/.next/server/chunks/ssr/%5Broot-of-the-server%5D__7df035db._.js?43:709
[   12070ms] [LOG] %c%s%c [JWT CALLBACK] Token final: background: #e6e6e6;background: light-dark(rgba(0,0,0,0.1), rgba(255,255,255,0.25));color: #000000;color: light-dark(#000000, #ffffff);border-radius: 2px  Server   {id: f9ed9d5d-760f-4f62-9ba2-c0e6d03759ec, email: maria.lopez@test.com, hasId: true} @ rsc://React/Server/file:///home/epayco21/Escritorio/richi-alvarez/domicilios/.next/server/chunks/ssr/%5Broot-of-the-server%5D__7df035db._.js?44:733
[   12070ms] [LOG] %c%s%c [JWT CALLBACK] === FIN ===
 background: #e6e6e6;background: light-dark(rgba(0,0,0,0.1), rgba(255,255,255,0.25));color: #000000;color: light-dark(#000000, #ffffff);border-radius: 2px  Server   @ rsc://React/Server/file:///home/epayco21/Escritorio/richi-alvarez/domicilios/.next/server/chunks/ssr/%5Broot-of-the-server%5D__7df035db._.js?45:738
[   12070ms] [LOG] %c%s%c 
[SESSION CALLBACK] === INICIO === background: #e6e6e6;background: light-dark(rgba(0,0,0,0.1), rgba(255,255,255,0.25));color: #000000;color: light-dark(#000000, #ffffff);border-radius: 2px  Server   @ rsc://React/Server/file:///home/epayco21/Escritorio/richi-alvarez/domicilios/.next/server/chunks/ssr/%5Broot-of-the-server%5D__7df035db._.js?46:742
[   12070ms] [LOG] %c%s%c [SESSION CALLBACK] Session user antes: background: #e6e6e6;background: light-dark(rgba(0,0,0,0.1), rgba(255,255,255,0.25));color: #000000;color: light-dark(#000000, #ffffff);border-radius: 2px  Server   {email: maria.lopez@test.com} @ rsc://React/Server/file:///home/epayco21/Escritorio/richi-alvarez/domicilios/.next/server/chunks/ssr/%5Broot-of-the-server%5D__7df035db._.js?47:743
[   12071ms] [LOG] %c%s%c [SESSION CALLBACK] Token: background: #e6e6e6;background: light-dark(rgba(0,0,0,0.1), rgba(255,255,255,0.25));color: #000000;color: light-dark(#000000, #ffffff);border-radius: 2px  Server   {id: f9ed9d5d-760f-4f62-9ba2-c0e6d03759ec, email: maria.lopez@test.com, sub: f9ed9d5d-760f-4f62-9ba2-c0e6d03759ec} @ rsc://React/Server/file:///home/epayco21/Escritorio/richi-alvarez/domicilios/.next/server/chunks/ssr/%5Broot-of-the-server%5D__7df035db._.js?48:747
[   12071ms] [LOG] %c%s%c [SESSION CALLBACK] Session actualizado con usuario ID: background: #e6e6e6;background: light-dark(rgba(0,0,0,0.1), rgba(255,255,255,0.25));color: #000000;color: light-dark(#000000, #ffffff);border-radius: 2px  Server   f9ed9d5d-760f-4f62-9ba2-c0e6d03759ec @ rsc://React/Server/file:///home/epayco21/Escritorio/richi-alvarez/domicilios/.next/server/chunks/ssr/%5Broot-of-the-server%5D__7df035db._.js?49:754
[   12071ms] [LOG] %c%s%c [SESSION CALLBACK] Session user después: background: #e6e6e6;background: light-dark(rgba(0,0,0,0.1), rgba(255,255,255,0.25));color: #000000;color: light-dark(#000000, #ffffff);border-radius: 2px  Server   {email: maria.lopez@test.com, id: f9ed9d5d-760f-4f62-9ba2-c0e6d03759ec} @ rsc://React/Server/file:///home/epayco21/Escritorio/richi-alvarez/domicilios/.next/server/chunks/ssr/%5Broot-of-the-server%5D__7df035db._.js?50:758
[   12071ms] [LOG] %c%s%c [SESSION CALLBACK] === FIN ===
 background: #e6e6e6;background: light-dark(rgba(0,0,0,0.1), rgba(255,255,255,0.25));color: #000000;color: light-dark(#000000, #ffffff);border-radius: 2px  Server   @ rsc://React/Server/file:///home/epayco21/Escritorio/richi-alvarez/domicilios/.next/server/chunks/ssr/%5Broot-of-the-server%5D__7df035db._.js?51:762
[   12071ms] [LOG] %c%s%c 
[JWT CALLBACK] === INICIO === background: #e6e6e6;background: light-dark(rgba(0,0,0,0.1), rgba(255,255,255,0.25));color: #000000;color: light-dark(#000000, #ffffff);border-radius: 2px  Server   @ rsc://React/Server/file:///home/epayco21/Escritorio/richi-alvarez/domicilios/.next/server/chunks/ssr/%5Broot-of-the-server%5D__7df035db._.js?41:708
[   12071ms] [LOG] %c%s%c [JWT CALLBACK] Entrada: background: #e6e6e6;background: light-dark(rgba(0,0,0,0.1), rgba(255,255,255,0.25));color: #000000;color: light-dark(#000000, #ffffff);border-radius: 2px  Server   {} @ rsc://React/Server/file:///home/epayco21/Escritorio/richi-alvarez/domicilios/.next/server/chunks/ssr/%5Broot-of-the-server%5D__7df035db._.js?43:709
[   12071ms] [LOG] %c%s%c [JWT CALLBACK] Token final: background: #e6e6e6;background: light-dark(rgba(0,0,0,0.1), rgba(255,255,255,0.25));color: #000000;color: light-dark(#000000, #ffffff);border-radius: 2px  Server   {id: f9ed9d5d-760f-4f62-9ba2-c0e6d03759ec, email: maria.lopez@test.com, hasId: true} @ rsc://React/Server/file:///home/epayco21/Escritorio/richi-alvarez/domicilios/.next/server/chunks/ssr/%5Broot-of-the-server%5D__7df035db._.js?44:733
[   12071ms] [LOG] %c%s%c [JWT CALLBACK] === FIN ===
 background: #e6e6e6;background: light-dark(rgba(0,0,0,0.1), rgba(255,255,255,0.25));color: #000000;color: light-dark(#000000, #ffffff);border-radius: 2px  Server   @ rsc://React/Server/file:///home/epayco21/Escritorio/richi-alvarez/domicilios/.next/server/chunks/ssr/%5Broot-of-the-server%5D__7df035db._.js?45:738
[   12078ms] [LOG] %c%s%c 
[SESSION CALLBACK] === INICIO === background: #e6e6e6;background: light-dark(rgba(0,0,0,0.1), rgba(255,255,255,0.25));color: #000000;color: light-dark(#000000, #ffffff);border-radius: 2px  Server   @ rsc://React/Server/file:///home/epayco21/Escritorio/richi-alvarez/domicilios/.next/server/chunks/ssr/%5Broot-of-the-server%5D__7df035db._.js?46:742
[   12079ms] [LOG] %c%s%c [SESSION CALLBACK] Session user antes: background: #e6e6e6;background: light-dark(rgba(0,0,0,0.1), rgba(255,255,255,0.25));color: #000000;color: light-dark(#000000, #ffffff);border-radius: 2px  Server   {email: maria.lopez@test.com} @ rsc://React/Server/file:///home/epayco21/Escritorio/richi-alvarez/domicilios/.next/server/chunks/ssr/%5Broot-of-the-server%5D__7df035db._.js?47:743
[   12079ms] [LOG] %c%s%c [SESSION CALLBACK] Token: background: #e6e6e6;background: light-dark(rgba(0,0,0,0.1), rgba(255,255,255,0.25));color: #000000;color: light-dark(#000000, #ffffff);border-radius: 2px  Server   {id: f9ed9d5d-760f-4f62-9ba2-c0e6d03759ec, email: maria.lopez@test.com, sub: f9ed9d5d-760f-4f62-9ba2-c0e6d03759ec} @ rsc://React/Server/file:///home/epayco21/Escritorio/richi-alvarez/domicilios/.next/server/chunks/ssr/%5Broot-of-the-server%5D__7df035db._.js?48:747
[   12079ms] [LOG] %c%s%c [SESSION CALLBACK] Session actualizado con usuario ID: background: #e6e6e6;background: light-dark(rgba(0,0,0,0.1), rgba(255,255,255,0.25));color: #000000;color: light-dark(#000000, #ffffff);border-radius: 2px  Server   f9ed9d5d-760f-4f62-9ba2-c0e6d03759ec @ rsc://React/Server/file:///home/epayco21/Escritorio/richi-alvarez/domicilios/.next/server/chunks/ssr/%5Broot-of-the-server%5D__7df035db._.js?49:754
[   12079ms] [LOG] %c%s%c [SESSION CALLBACK] Session user después: background: #e6e6e6;background: light-dark(rgba(0,0,0,0.1), rgba(255,255,255,0.25));color: #000000;color: light-dark(#000000, #ffffff);border-radius: 2px  Server   {email: maria.lopez@test.com, id: f9ed9d5d-760f-4f62-9ba2-c0e6d03759ec} @ rsc://React/Server/file:///home/epayco21/Escritorio/richi-alvarez/domicilios/.next/server/chunks/ssr/%5Broot-of-the-server%5D__7df035db._.js?50:758
[   12079ms] [LOG] %c%s%c [SESSION CALLBACK] === FIN ===
 background: #e6e6e6;background: light-dark(rgba(0,0,0,0.1), rgba(255,255,255,0.25));color: #000000;color: light-dark(#000000, #ffffff);border-radius: 2px  Server   @ rsc://React/Server/file:///home/epayco21/Escritorio/richi-alvarez/domicilios/.next/server/chunks/ssr/%5Broot-of-the-server%5D__7df035db._.js?51:762
[   13105ms] [LOG] [Fast Refresh] rebuilding @ http://localhost:3001/_next/static/chunks/node_modules_next_dist_client_8f19e6fb._.js:15027
[   13225ms] [LOG] [Fast Refresh] done in 220ms @ http://localhost:3001/_next/static/chunks/node_modules_next_dist_client_8f19e6fb._.js:14891
[   21379ms] [LOG] [Fast Refresh] rebuilding @ http://localhost:3001/_next/static/chunks/node_modules_next_dist_client_8f19e6fb._.js:15027
[   21407ms] [LOG] [Fast Refresh] done in 128ms @ http://localhost:3001/_next/static/chunks/node_modules_next_dist_client_8f19e6fb._.js:14891
[   23181ms] [LOG] [Fast Refresh] rebuilding @ http://localhost:3001/_next/static/chunks/node_modules_next_dist_client_8f19e6fb._.js:15027
[   23279ms] [LOG] [Fast Refresh] done in 199ms @ http://localhost:3001/_next/static/chunks/node_modules_next_dist_client_8f19e6fb._.js:14891
[   66934ms] [LOG] [Fast Refresh] rebuilding @ http://localhost:3001/_next/static/chunks/node_modules_next_dist_client_8f19e6fb._.js:15027
[   66965ms] [LOG] [Fast Refresh] done in 131ms @ http://localhost:3001/_next/static/chunks/node_modules_next_dist_client_8f19e6fb._.js:14891
[   77901ms] [LOG] [Fast Refresh] rebuilding @ http://localhost:3001/_next/static/chunks/node_modules_next_dist_client_8f19e6fb._.js:15027
[   77920ms] [LOG] [Fast Refresh] done in 120ms @ http://localhost:3001/_next/static/chunks/node_modules_next_dist_client_8f19e6fb._.js:14891
