[     886ms] [LOG] SweetAlert2 success icon globally overridden @ https://mareaalcalina.com/main.3f8ef18deabe58fe.js:0
[    6725ms] [ERROR] Attestation check for Attribution Reporting on https://www.facebook.com failed. @ https://mareaalcalina.com/menus/menu-detail?menuId=6KaFRGxPSInvPLlCgqu6&onboarding=new&id=6KaFRGxPSInvPLlCgqu6:0
[    6725ms] [ERROR] Attestation check for Attribution Reporting on https://www.facebook.com failed. @ https://mareaalcalina.com/menus/menu-detail?menuId=6KaFRGxPSInvPLlCgqu6&onboarding=new&id=6KaFRGxPSInvPLlCgqu6:0
[    6726ms] [ERROR] Attestation check for Attribution Reporting on https://www.facebook.com failed. @ https://mareaalcalina.com/menus/menu-detail?menuId=6KaFRGxPSInvPLlCgqu6&onboarding=new&id=6KaFRGxPSInvPLlCgqu6:0
[    6726ms] [ERROR] Attestation check for Attribution Reporting on https://www.facebook.com failed. @ https://mareaalcalina.com/menus/menu-detail?menuId=6KaFRGxPSInvPLlCgqu6&onboarding=new&id=6KaFRGxPSInvPLlCgqu6:0
[    6729ms] [ERROR] Attestation check for Attribution Reporting on https://www.facebook.com failed. @ https://mareaalcalina.com/menus/menu-detail?menuId=6KaFRGxPSInvPLlCgqu6&onboarding=new&id=6KaFRGxPSInvPLlCgqu6:0
[    6730ms] [ERROR] Attestation check for Attribution Reporting on https://www.facebook.com failed. @ https://mareaalcalina.com/menus/menu-detail?menuId=6KaFRGxPSInvPLlCgqu6&onboarding=new&id=6KaFRGxPSInvPLlCgqu6:0
[    6732ms] [ERROR] Attestation check for Attribution Reporting on https://www.facebook.com failed. @ https://mareaalcalina.com/menus/menu-detail?menuId=6KaFRGxPSInvPLlCgqu6&onboarding=new&id=6KaFRGxPSInvPLlCgqu6:0
[    6734ms] [ERROR] Attestation check for Attribution Reporting on https://www.facebook.com failed. @ https://mareaalcalina.com/menus/menu-detail?menuId=6KaFRGxPSInvPLlCgqu6&onboarding=new&id=6KaFRGxPSInvPLlCgqu6:0
[   10883ms] [ERROR] Attestation check for Attribution Reporting on https://www.facebook.com failed. @ https://mareaalcalina.com/menus/menu-detail?menuId=6KaFRGxPSInvPLlCgqu6&onboarding=new&id=6KaFRGxPSInvPLlCgqu6:0
[   15895ms] [ERROR] Attestation check for Attribution Reporting on https://www.facebook.com failed. @ https://mareaalcalina.com/menus/menu-detail?menuId=6KaFRGxPSInvPLlCgqu6&onboarding=new&id=6KaFRGxPSInvPLlCgqu6:0
[   30882ms] [ERROR] Attestation check for Attribution Reporting on https://www.facebook.com failed. @ https://mareaalcalina.com/menus/menu-detail?menuId=6KaFRGxPSInvPLlCgqu6&onboarding=new&id=6KaFRGxPSInvPLlCgqu6:0
[   45887ms] [ERROR] Attestation check for Attribution Reporting on https://www.facebook.com failed. @ https://mareaalcalina.com/menus/menu-detail?menuId=6KaFRGxPSInvPLlCgqu6&onboarding=new&id=6KaFRGxPSInvPLlCgqu6:0
[   60888ms] [ERROR] Attestation check for Attribution Reporting on https://www.facebook.com failed. @ https://mareaalcalina.com/menus/menu-detail?menuId=6KaFRGxPSInvPLlCgqu6&onboarding=new&id=6KaFRGxPSInvPLlCgqu6:0
[   90982ms] [ERROR] Attestation check for Attribution Reporting on https://www.facebook.com failed. @ https://mareaalcalina.com/menus/menu-detail?menuId=6KaFRGxPSInvPLlCgqu6&onboarding=new&id=6KaFRGxPSInvPLlCgqu6:0
[  120884ms] [ERROR] Attestation check for Attribution Reporting on https://www.facebook.com failed. @ https://mareaalcalina.com/menus/menu-detail?menuId=6KaFRGxPSInvPLlCgqu6&onboarding=new&id=6KaFRGxPSInvPLlCgqu6:0
[  215257ms] [ERROR] Attestation check for Attribution Reporting on https://www.facebook.com failed. @ https://mareaalcalina.com/menus/orders/orders?id=6KaFRGxPSInvPLlCgqu6:0
[  215262ms] [ERROR] Attestation check for Attribution Reporting on https://www.facebook.com failed. @ https://mareaalcalina.com/menus/orders/orders?id=6KaFRGxPSInvPLlCgqu6:0
[  254216ms] [ERROR] Attestation check for Attribution Reporting on https://www.facebook.com failed. @ https://mareaalcalina.com/menus/orders/orders?id=6KaFRGxPSInvPLlCgqu6&orderId=mo68prouvvkzevbv1p:0
[  254217ms] [ERROR] Attestation check for Attribution Reporting on https://www.facebook.com failed. @ https://mareaalcalina.com/menus/orders/orders?id=6KaFRGxPSInvPLlCgqu6&orderId=mo68prouvvkzevbv1p:0
[  300941ms] [ERROR] Attestation check for Attribution Reporting on https://www.facebook.com failed. @ https://mareaalcalina.com/menus/orders/orders?id=6KaFRGxPSInvPLlCgqu6&orderId=mo68prouvvkzevbv1p:0
[  315734ms] [ERROR] Attestation check for Attribution Reporting on https://www.facebook.com failed. @ https://mareaalcalina.com/menus/orders/orders?id=6KaFRGxPSInvPLlCgqu6:0
[  315737ms] [ERROR] Attestation check for Attribution Reporting on https://www.facebook.com failed. @ https://mareaalcalina.com/menus/orders/orders?id=6KaFRGxPSInvPLlCgqu6:0
[  335092ms] [ERROR] Attestation check for Attribution Reporting on https://www.facebook.com failed. @ https://mareaalcalina.com/menus/orders/orders?id=6KaFRGxPSInvPLlCgqu6&orderId=mo68prouvvkzevbv1p:0
[  335110ms] [ERROR] Attestation check for Attribution Reporting on https://www.facebook.com failed. @ https://mareaalcalina.com/menus/orders/orders?id=6KaFRGxPSInvPLlCgqu6&orderId=mo68prouvvkzevbv1p:0
[ 1858991ms] [ERROR] Attestation check for Attribution Reporting on https://www.facebook.com failed. @ https://mareaalcalina.com/menus/orders/orders?id=6KaFRGxPSInvPLlCgqu6:0
[ 1858993ms] [ERROR] Attestation check for Attribution Reporting on https://www.facebook.com failed. @ https://mareaalcalina.com/menus/orders/orders?id=6KaFRGxPSInvPLlCgqu6:0
[ 1867751ms] [ERROR] Attestation check for Attribution Reporting on https://www.facebook.com failed. @ https://mareaalcalina.com/menus/payments/setup?id=6KaFRGxPSInvPLlCgqu6:0
[ 1871096ms] [ERROR] Attestation check for Attribution Reporting on https://www.facebook.com failed. @ https://mareaalcalina.com/menus/payments/methods?id=6KaFRGxPSInvPLlCgqu6:0
[ 1871776ms] [ERROR] Attestation check for Attribution Reporting on https://www.facebook.com failed. @ https://mareaalcalina.com/menus/payments/dashboard?id=6KaFRGxPSInvPLlCgqu6:0
[ 1960206ms] [ERROR] Attestation check for Attribution Reporting on https://www.facebook.com failed. @ https://mareaalcalina.com/menus/payments/setup?id=6KaFRGxPSInvPLlCgqu6:0
[ 2041341ms] [ERROR] Attestation check for Attribution Reporting on https://www.facebook.com failed. @ https://mareaalcalina.com/menus/menu-analytics?id=6KaFRGxPSInvPLlCgqu6:0
[ 2041900ms] [ERROR] Attestation check for Attribution Reporting on https://www.facebook.com failed. @ https://mareaalcalina.com/menus/shopping-cart/general?id=6KaFRGxPSInvPLlCgqu6:0
[ 2074439ms] [ERROR] Attestation check for Attribution Reporting on https://www.facebook.com failed. @ https://mareaalcalina.com/menus:0
[ 2077985ms] [ERROR] Attestation check for Attribution Reporting on https://www.facebook.com failed. @ https://mareaalcalina.com/menus/shopping-cart/general?id=6KaFRGxPSInvPLlCgqu6:0
[ 2078010ms] [ERROR] Attestation check for Attribution Reporting on https://www.facebook.com failed. @ https://mareaalcalina.com/menus/shopping-cart/general?id=6KaFRGxPSInvPLlCgqu6:0
[ 2080918ms] [ERROR] Attestation check for Attribution Reporting on https://www.facebook.com failed. @ https://mareaalcalina.com/menus:0
[ 2085363ms] [ERROR] Attestation check for Attribution Reporting on https://www.facebook.com failed. @ https://mareaalcalina.com/menus/shopping-cart/general?id=6KaFRGxPSInvPLlCgqu6:0
[ 2085411ms] [ERROR] Attestation check for Attribution Reporting on https://www.facebook.com failed. @ https://mareaalcalina.com/menus/shopping-cart/general?id=6KaFRGxPSInvPLlCgqu6:0
[ 2101233ms] [ERROR] Attestation check for Attribution Reporting on https://www.facebook.com failed. @ https://mareaalcalina.com/menus/menu-advanced-config/integrations?id=6KaFRGxPSInvPLlCgqu6:0
[ 2106221ms] [ERROR] Attestation check for Attribution Reporting on https://www.facebook.com failed. @ https://mareaalcalina.com/menus/payments/setup?id=6KaFRGxPSInvPLlCgqu6:0
[ 2109737ms] [ERROR] Attestation check for Attribution Reporting on https://www.facebook.com failed. @ https://mareaalcalina.com/menus/orders/orders?id=6KaFRGxPSInvPLlCgqu6:0
[ 2109737ms] [ERROR] Attestation check for Attribution Reporting on https://www.facebook.com failed. @ https://mareaalcalina.com/menus/orders/orders?id=6KaFRGxPSInvPLlCgqu6:0
[ 2111414ms] [ERROR] Attestation check for Attribution Reporting on https://www.facebook.com failed. @ https://mareaalcalina.com/menus/orders/forms?id=6KaFRGxPSInvPLlCgqu6:0
[ 2111415ms] [ERROR] Attestation check for Attribution Reporting on https://www.facebook.com failed. @ https://mareaalcalina.com/menus/orders/forms?id=6KaFRGxPSInvPLlCgqu6:0
[ 2113318ms] [ERROR] Attestation check for Attribution Reporting on https://www.facebook.com failed. @ https://mareaalcalina.com/menus/orders/orders?id=6KaFRGxPSInvPLlCgqu6:0
[ 2113318ms] [ERROR] Attestation check for Attribution Reporting on https://www.facebook.com failed. @ https://mareaalcalina.com/menus/orders/orders?id=6KaFRGxPSInvPLlCgqu6:0
[ 2116616ms] [ERROR] Failed to load resource: the server responded with a status of 404 () @ https://livereload.marea.pro/tienda-demo-clon?livereload=true&version=5K1NQSUBZLgRvwhBcPwI:0
[ 2116952ms] [LOG] [AppBrowserModule] Livereload detected - loading Firebase modules immediately @ https://livereload.marea.pro/main.53f09dcce8d3cc25.js:16
[ 2126727ms] [ERROR] Attestation check for Attribution Reporting on https://www.facebook.com failed. @ https://mareaalcalina.com/menus/orders/orders?menuId=6KaFRGxPSInvPLlCgqu6&id=6KaFRGxPSInvPLlCgqu6:0
[ 2126728ms] [ERROR] Attestation check for Attribution Reporting on https://www.facebook.com failed. @ https://mareaalcalina.com/menus/orders/orders?menuId=6KaFRGxPSInvPLlCgqu6&id=6KaFRGxPSInvPLlCgqu6:0
