[     294ms] [INFO] %cDownload the React DevTools for a better development experience: https://react.dev/link/react-devtools font-weight:bold @ http://localhost:3001/_next/static/chunks/node_modules_next_dist_compiled_2ce9398a._.js:16383
[     303ms] [LOG] %c%s%c 
[JWT CALLBACK] === INICIO === background: #e6e6e6;background: light-dark(rgba(0,0,0,0.1), rgba(255,255,255,0.25));color: #000000;color: light-dark(#000000, #ffffff);border-radius: 2px  Server   @ rsc://React/Server/file:///home/epayco21/Escritorio/richi-alvarez/domicilios/.next/server/chunks/ssr/%5Broot-of-the-server%5D__7df035db._.js?22:708
[     303ms] [LOG] %c%s%c [JWT CALLBACK] Entrada: background: #e6e6e6;background: light-dark(rgba(0,0,0,0.1), rgba(255,255,255,0.25));color: #000000;color: light-dark(#000000, #ffffff);border-radius: 2px  Server   {} @ rsc://React/Server/file:///home/epayco21/Escritorio/richi-alvarez/domicilios/.next/server/chunks/ssr/%5Broot-of-the-server%5D__7df035db._.js?24:709
[     304ms] [LOG] %c%s%c [JWT CALLBACK] Token final: background: #e6e6e6;background: light-dark(rgba(0,0,0,0.1), rgba(255,255,255,0.25));color: #000000;color: light-dark(#000000, #ffffff);border-radius: 2px  Server   {id: a971462d-3364-49fd-946c-253f38e38f49, email: carlos.garcia@test.com, hasId: true} @ rsc://React/Server/file:///home/epayco21/Escritorio/richi-alvarez/domicilios/.next/server/chunks/ssr/%5Broot-of-the-server%5D__7df035db._.js?25:733
[     304ms] [LOG] %c%s%c [JWT CALLBACK] === FIN ===
 background: #e6e6e6;background: light-dark(rgba(0,0,0,0.1), rgba(255,255,255,0.25));color: #000000;color: light-dark(#000000, #ffffff);border-radius: 2px  Server   @ rsc://React/Server/file:///home/epayco21/Escritorio/richi-alvarez/domicilios/.next/server/chunks/ssr/%5Broot-of-the-server%5D__7df035db._.js?26:738
[     304ms] [LOG] %c%s%c 
[SESSION CALLBACK] === INICIO === background: #e6e6e6;background: light-dark(rgba(0,0,0,0.1), rgba(255,255,255,0.25));color: #000000;color: light-dark(#000000, #ffffff);border-radius: 2px  Server   @ rsc://React/Server/file:///home/epayco21/Escritorio/richi-alvarez/domicilios/.next/server/chunks/ssr/%5Broot-of-the-server%5D__7df035db._.js?27:742
[     304ms] [LOG] %c%s%c [SESSION CALLBACK] Session user antes: background: #e6e6e6;background: light-dark(rgba(0,0,0,0.1), rgba(255,255,255,0.25));color: #000000;color: light-dark(#000000, #ffffff);border-radius: 2px  Server   {email: carlos.garcia@test.com} @ rsc://React/Server/file:///home/epayco21/Escritorio/richi-alvarez/domicilios/.next/server/chunks/ssr/%5Broot-of-the-server%5D__7df035db._.js?28:743
[     304ms] [LOG] %c%s%c [SESSION CALLBACK] Token: background: #e6e6e6;background: light-dark(rgba(0,0,0,0.1), rgba(255,255,255,0.25));color: #000000;color: light-dark(#000000, #ffffff);border-radius: 2px  Server   {id: a971462d-3364-49fd-946c-253f38e38f49, email: carlos.garcia@test.com, sub: a971462d-3364-49fd-946c-253f38e38f49} @ rsc://React/Server/file:///home/epayco21/Escritorio/richi-alvarez/domicilios/.next/server/chunks/ssr/%5Broot-of-the-server%5D__7df035db._.js?29:747
[     304ms] [LOG] %c%s%c [SESSION CALLBACK] Session actualizado con usuario ID: background: #e6e6e6;background: light-dark(rgba(0,0,0,0.1), rgba(255,255,255,0.25));color: #000000;color: light-dark(#000000, #ffffff);border-radius: 2px  Server   a971462d-3364-49fd-946c-253f38e38f49 @ rsc://React/Server/file:///home/epayco21/Escritorio/richi-alvarez/domicilios/.next/server/chunks/ssr/%5Broot-of-the-server%5D__7df035db._.js?30:754
[     304ms] [LOG] %c%s%c [SESSION CALLBACK] Session user después: background: #e6e6e6;background: light-dark(rgba(0,0,0,0.1), rgba(255,255,255,0.25));color: #000000;color: light-dark(#000000, #ffffff);border-radius: 2px  Server   {email: carlos.garcia@test.com, id: a971462d-3364-49fd-946c-253f38e38f49} @ rsc://React/Server/file:///home/epayco21/Escritorio/richi-alvarez/domicilios/.next/server/chunks/ssr/%5Broot-of-the-server%5D__7df035db._.js?31:758
[     304ms] [LOG] %c%s%c [SESSION CALLBACK] === FIN ===
 background: #e6e6e6;background: light-dark(rgba(0,0,0,0.1), rgba(255,255,255,0.25));color: #000000;color: light-dark(#000000, #ffffff);border-radius: 2px  Server   @ rsc://React/Server/file:///home/epayco21/Escritorio/richi-alvarez/domicilios/.next/server/chunks/ssr/%5Broot-of-the-server%5D__7df035db._.js?32:762
[     304ms] [LOG] %c%s%c 
[JWT CALLBACK] === INICIO === background: #e6e6e6;background: light-dark(rgba(0,0,0,0.1), rgba(255,255,255,0.25));color: #000000;color: light-dark(#000000, #ffffff);border-radius: 2px  Server   @ rsc://React/Server/file:///home/epayco21/Escritorio/richi-alvarez/domicilios/.next/server/chunks/ssr/%5Broot-of-the-server%5D__7df035db._.js?22:708
[     304ms] [LOG] %c%s%c [JWT CALLBACK] Entrada: background: #e6e6e6;background: light-dark(rgba(0,0,0,0.1), rgba(255,255,255,0.25));color: #000000;color: light-dark(#000000, #ffffff);border-radius: 2px  Server   {} @ rsc://React/Server/file:///home/epayco21/Escritorio/richi-alvarez/domicilios/.next/server/chunks/ssr/%5Broot-of-the-server%5D__7df035db._.js?24:709
[     304ms] [LOG] %c%s%c [JWT CALLBACK] Token final: background: #e6e6e6;background: light-dark(rgba(0,0,0,0.1), rgba(255,255,255,0.25));color: #000000;color: light-dark(#000000, #ffffff);border-radius: 2px  Server   {id: a971462d-3364-49fd-946c-253f38e38f49, email: carlos.garcia@test.com, hasId: true} @ rsc://React/Server/file:///home/epayco21/Escritorio/richi-alvarez/domicilios/.next/server/chunks/ssr/%5Broot-of-the-server%5D__7df035db._.js?25:733
[     305ms] [LOG] %c%s%c [JWT CALLBACK] === FIN ===
 background: #e6e6e6;background: light-dark(rgba(0,0,0,0.1), rgba(255,255,255,0.25));color: #000000;color: light-dark(#000000, #ffffff);border-radius: 2px  Server   @ rsc://React/Server/file:///home/epayco21/Escritorio/richi-alvarez/domicilios/.next/server/chunks/ssr/%5Broot-of-the-server%5D__7df035db._.js?26:738
[     305ms] [LOG] %c%s%c 
[SESSION CALLBACK] === INICIO === background: #e6e6e6;background: light-dark(rgba(0,0,0,0.1), rgba(255,255,255,0.25));color: #000000;color: light-dark(#000000, #ffffff);border-radius: 2px  Server   @ rsc://React/Server/file:///home/epayco21/Escritorio/richi-alvarez/domicilios/.next/server/chunks/ssr/%5Broot-of-the-server%5D__7df035db._.js?27:742
[     305ms] [LOG] %c%s%c [SESSION CALLBACK] Session user antes: background: #e6e6e6;background: light-dark(rgba(0,0,0,0.1), rgba(255,255,255,0.25));color: #000000;color: light-dark(#000000, #ffffff);border-radius: 2px  Server   {email: carlos.garcia@test.com} @ rsc://React/Server/file:///home/epayco21/Escritorio/richi-alvarez/domicilios/.next/server/chunks/ssr/%5Broot-of-the-server%5D__7df035db._.js?28:743
[     305ms] [LOG] %c%s%c [SESSION CALLBACK] Token: background: #e6e6e6;background: light-dark(rgba(0,0,0,0.1), rgba(255,255,255,0.25));color: #000000;color: light-dark(#000000, #ffffff);border-radius: 2px  Server   {id: a971462d-3364-49fd-946c-253f38e38f49, email: carlos.garcia@test.com, sub: a971462d-3364-49fd-946c-253f38e38f49} @ rsc://React/Server/file:///home/epayco21/Escritorio/richi-alvarez/domicilios/.next/server/chunks/ssr/%5Broot-of-the-server%5D__7df035db._.js?29:747
[     305ms] [LOG] %c%s%c [SESSION CALLBACK] Session actualizado con usuario ID: background: #e6e6e6;background: light-dark(rgba(0,0,0,0.1), rgba(255,255,255,0.25));color: #000000;color: light-dark(#000000, #ffffff);border-radius: 2px  Server   a971462d-3364-49fd-946c-253f38e38f49 @ rsc://React/Server/file:///home/epayco21/Escritorio/richi-alvarez/domicilios/.next/server/chunks/ssr/%5Broot-of-the-server%5D__7df035db._.js?30:754
[     305ms] [LOG] %c%s%c [SESSION CALLBACK] Session user después: background: #e6e6e6;background: light-dark(rgba(0,0,0,0.1), rgba(255,255,255,0.25));color: #000000;color: light-dark(#000000, #ffffff);border-radius: 2px  Server   {email: carlos.garcia@test.com, id: a971462d-3364-49fd-946c-253f38e38f49} @ rsc://React/Server/file:///home/epayco21/Escritorio/richi-alvarez/domicilios/.next/server/chunks/ssr/%5Broot-of-the-server%5D__7df035db._.js?31:758
[     305ms] [LOG] %c%s%c [SESSION CALLBACK] === FIN ===
 background: #e6e6e6;background: light-dark(rgba(0,0,0,0.1), rgba(255,255,255,0.25));color: #000000;color: light-dark(#000000, #ffffff);border-radius: 2px  Server   @ rsc://React/Server/file:///home/epayco21/Escritorio/richi-alvarez/domicilios/.next/server/chunks/ssr/%5Broot-of-the-server%5D__7df035db._.js?32:762
[     305ms] [LOG] %c%s%c 
[JWT CALLBACK] === INICIO === background: #e6e6e6;background: light-dark(rgba(0,0,0,0.1), rgba(255,255,255,0.25));color: #000000;color: light-dark(#000000, #ffffff);border-radius: 2px  Server   @ rsc://React/Server/file:///home/epayco21/Escritorio/richi-alvarez/domicilios/.next/server/chunks/ssr/%5Broot-of-the-server%5D__7df035db._.js?22:708
[     305ms] [LOG] %c%s%c [JWT CALLBACK] Entrada: background: #e6e6e6;background: light-dark(rgba(0,0,0,0.1), rgba(255,255,255,0.25));color: #000000;color: light-dark(#000000, #ffffff);border-radius: 2px  Server   {} @ rsc://React/Server/file:///home/epayco21/Escritorio/richi-alvarez/domicilios/.next/server/chunks/ssr/%5Broot-of-the-server%5D__7df035db._.js?24:709
[     305ms] [LOG] %c%s%c [JWT CALLBACK] Token final: background: #e6e6e6;background: light-dark(rgba(0,0,0,0.1), rgba(255,255,255,0.25));color: #000000;color: light-dark(#000000, #ffffff);border-radius: 2px  Server   {id: a971462d-3364-49fd-946c-253f38e38f49, email: carlos.garcia@test.com, hasId: true} @ rsc://React/Server/file:///home/epayco21/Escritorio/richi-alvarez/domicilios/.next/server/chunks/ssr/%5Broot-of-the-server%5D__7df035db._.js?25:733
[     305ms] [LOG] %c%s%c [JWT CALLBACK] === FIN ===
 background: #e6e6e6;background: light-dark(rgba(0,0,0,0.1), rgba(255,255,255,0.25));color: #000000;color: light-dark(#000000, #ffffff);border-radius: 2px  Server   @ rsc://React/Server/file:///home/epayco21/Escritorio/richi-alvarez/domicilios/.next/server/chunks/ssr/%5Broot-of-the-server%5D__7df035db._.js?26:738
[     305ms] [LOG] %c%s%c 
[SESSION CALLBACK] === INICIO === background: #e6e6e6;background: light-dark(rgba(0,0,0,0.1), rgba(255,255,255,0.25));color: #000000;color: light-dark(#000000, #ffffff);border-radius: 2px  Server   @ rsc://React/Server/file:///home/epayco21/Escritorio/richi-alvarez/domicilios/.next/server/chunks/ssr/%5Broot-of-the-server%5D__7df035db._.js?27:742
[     305ms] [LOG] %c%s%c [SESSION CALLBACK] Session user antes: background: #e6e6e6;background: light-dark(rgba(0,0,0,0.1), rgba(255,255,255,0.25));color: #000000;color: light-dark(#000000, #ffffff);border-radius: 2px  Server   {email: carlos.garcia@test.com} @ rsc://React/Server/file:///home/epayco21/Escritorio/richi-alvarez/domicilios/.next/server/chunks/ssr/%5Broot-of-the-server%5D__7df035db._.js?28:743
[     306ms] [LOG] %c%s%c [SESSION CALLBACK] Token: background: #e6e6e6;background: light-dark(rgba(0,0,0,0.1), rgba(255,255,255,0.25));color: #000000;color: light-dark(#000000, #ffffff);border-radius: 2px  Server   {id: a971462d-3364-49fd-946c-253f38e38f49, email: carlos.garcia@test.com, sub: a971462d-3364-49fd-946c-253f38e38f49} @ rsc://React/Server/file:///home/epayco21/Escritorio/richi-alvarez/domicilios/.next/server/chunks/ssr/%5Broot-of-the-server%5D__7df035db._.js?29:747
[     306ms] [LOG] %c%s%c [SESSION CALLBACK] Session actualizado con usuario ID: background: #e6e6e6;background: light-dark(rgba(0,0,0,0.1), rgba(255,255,255,0.25));color: #000000;color: light-dark(#000000, #ffffff);border-radius: 2px  Server   a971462d-3364-49fd-946c-253f38e38f49 @ rsc://React/Server/file:///home/epayco21/Escritorio/richi-alvarez/domicilios/.next/server/chunks/ssr/%5Broot-of-the-server%5D__7df035db._.js?30:754
[     306ms] [LOG] %c%s%c [SESSION CALLBACK] Session user después: background: #e6e6e6;background: light-dark(rgba(0,0,0,0.1), rgba(255,255,255,0.25));color: #000000;color: light-dark(#000000, #ffffff);border-radius: 2px  Server   {email: carlos.garcia@test.com, id: a971462d-3364-49fd-946c-253f38e38f49} @ rsc://React/Server/file:///home/epayco21/Escritorio/richi-alvarez/domicilios/.next/server/chunks/ssr/%5Broot-of-the-server%5D__7df035db._.js?31:758
[     306ms] [LOG] %c%s%c [SESSION CALLBACK] === FIN ===
 background: #e6e6e6;background: light-dark(rgba(0,0,0,0.1), rgba(255,255,255,0.25));color: #000000;color: light-dark(#000000, #ffffff);border-radius: 2px  Server   @ rsc://React/Server/file:///home/epayco21/Escritorio/richi-alvarez/domicilios/.next/server/chunks/ssr/%5Broot-of-the-server%5D__7df035db._.js?32:762
[     442ms] [LOG] [Fast Refresh] done in NaNms @ http://localhost:3001/_next/static/chunks/node_modules_next_dist_client_8f19e6fb._.js:14891
[     553ms] [LOG] [Fast Refresh] rebuilding @ http://localhost:3001/_next/static/chunks/node_modules_next_dist_client_8f19e6fb._.js:15027
[     642ms] [LOG] [Fast Refresh] done in 188ms @ http://localhost:3001/_next/static/chunks/node_modules_next_dist_client_8f19e6fb._.js:14891
[    7136ms] [LOG] [Fast Refresh] rebuilding @ http://localhost:3001/_next/static/chunks/node_modules_next_dist_client_8f19e6fb._.js:15027
[    7289ms] [LOG] [Fast Refresh] done in 254ms @ http://localhost:3001/_next/static/chunks/node_modules_next_dist_client_8f19e6fb._.js:14891
