[     318ms] [INFO] %cDownload the React DevTools for a better development experience: https://react.dev/link/react-devtools font-weight:bold @ http://localhost:3001/_next/static/chunks/node_modules_next_dist_compiled_2ce9398a._.js:16383
[     331ms] [LOG] %c%s%c 
[JWT CALLBACK] === INICIO === background: #e6e6e6;background: light-dark(rgba(0,0,0,0.1), rgba(255,255,255,0.25));color: #000000;color: light-dark(#000000, #ffffff);border-radius: 2px  Server   @ rsc://React/Server/file:///home/epayco21/Escritorio/richi-alvarez/domicilios/.next/server/chunks/ssr/%5Broot-of-the-server%5D__7df035db._.js?22:708
[     332ms] [LOG] %c%s%c [JWT CALLBACK] Entrada: background: #e6e6e6;background: light-dark(rgba(0,0,0,0.1), rgba(255,255,255,0.25));color: #000000;color: light-dark(#000000, #ffffff);border-radius: 2px  Server   {} @ rsc://React/Server/file:///home/epayco21/Escritorio/richi-alvarez/domicilios/.next/server/chunks/ssr/%5Broot-of-the-server%5D__7df035db._.js?24:709
[     332ms] [LOG] %c%s%c [JWT CALLBACK] Token final: background: #e6e6e6;background: light-dark(rgba(0,0,0,0.1), rgba(255,255,255,0.25));color: #000000;color: light-dark(#000000, #ffffff);border-radius: 2px  Server   {id: f9ed9d5d-760f-4f62-9ba2-c0e6d03759ec, email: maria.lopez@test.com, hasId: true} @ rsc://React/Server/file:///home/epayco21/Escritorio/richi-alvarez/domicilios/.next/server/chunks/ssr/%5Broot-of-the-server%5D__7df035db._.js?25:733
[     332ms] [LOG] %c%s%c [JWT CALLBACK] === FIN ===
 background: #e6e6e6;background: light-dark(rgba(0,0,0,0.1), rgba(255,255,255,0.25));color: #000000;color: light-dark(#000000, #ffffff);border-radius: 2px  Server   @ rsc://React/Server/file:///home/epayco21/Escritorio/richi-alvarez/domicilios/.next/server/chunks/ssr/%5Broot-of-the-server%5D__7df035db._.js?26:738
[     332ms] [LOG] %c%s%c 
[SESSION CALLBACK] === INICIO === background: #e6e6e6;background: light-dark(rgba(0,0,0,0.1), rgba(255,255,255,0.25));color: #000000;color: light-dark(#000000, #ffffff);border-radius: 2px  Server   @ rsc://React/Server/file:///home/epayco21/Escritorio/richi-alvarez/domicilios/.next/server/chunks/ssr/%5Broot-of-the-server%5D__7df035db._.js?27:742
[     333ms] [LOG] %c%s%c [SESSION CALLBACK] Session user antes: background: #e6e6e6;background: light-dark(rgba(0,0,0,0.1), rgba(255,255,255,0.25));color: #000000;color: light-dark(#000000, #ffffff);border-radius: 2px  Server   {email: maria.lopez@test.com} @ rsc://React/Server/file:///home/epayco21/Escritorio/richi-alvarez/domicilios/.next/server/chunks/ssr/%5Broot-of-the-server%5D__7df035db._.js?28:743
[     333ms] [LOG] %c%s%c [SESSION CALLBACK] Token: background: #e6e6e6;background: light-dark(rgba(0,0,0,0.1), rgba(255,255,255,0.25));color: #000000;color: light-dark(#000000, #ffffff);border-radius: 2px  Server   {id: f9ed9d5d-760f-4f62-9ba2-c0e6d03759ec, email: maria.lopez@test.com, sub: f9ed9d5d-760f-4f62-9ba2-c0e6d03759ec} @ rsc://React/Server/file:///home/epayco21/Escritorio/richi-alvarez/domicilios/.next/server/chunks/ssr/%5Broot-of-the-server%5D__7df035db._.js?29:747
[     333ms] [LOG] %c%s%c [SESSION CALLBACK] Session actualizado con usuario ID: background: #e6e6e6;background: light-dark(rgba(0,0,0,0.1), rgba(255,255,255,0.25));color: #000000;color: light-dark(#000000, #ffffff);border-radius: 2px  Server   f9ed9d5d-760f-4f62-9ba2-c0e6d03759ec @ rsc://React/Server/file:///home/epayco21/Escritorio/richi-alvarez/domicilios/.next/server/chunks/ssr/%5Broot-of-the-server%5D__7df035db._.js?30:754
[     333ms] [LOG] %c%s%c [SESSION CALLBACK] Session user después: background: #e6e6e6;background: light-dark(rgba(0,0,0,0.1), rgba(255,255,255,0.25));color: #000000;color: light-dark(#000000, #ffffff);border-radius: 2px  Server   {email: maria.lopez@test.com, id: f9ed9d5d-760f-4f62-9ba2-c0e6d03759ec} @ rsc://React/Server/file:///home/epayco21/Escritorio/richi-alvarez/domicilios/.next/server/chunks/ssr/%5Broot-of-the-server%5D__7df035db._.js?31:758
[     334ms] [LOG] %c%s%c [SESSION CALLBACK] === FIN ===
 background: #e6e6e6;background: light-dark(rgba(0,0,0,0.1), rgba(255,255,255,0.25));color: #000000;color: light-dark(#000000, #ffffff);border-radius: 2px  Server   @ rsc://React/Server/file:///home/epayco21/Escritorio/richi-alvarez/domicilios/.next/server/chunks/ssr/%5Broot-of-the-server%5D__7df035db._.js?32:762
[     334ms] [LOG] %c%s%c 
[JWT CALLBACK] === INICIO === background: #e6e6e6;background: light-dark(rgba(0,0,0,0.1), rgba(255,255,255,0.25));color: #000000;color: light-dark(#000000, #ffffff);border-radius: 2px  Server   @ rsc://React/Server/file:///home/epayco21/Escritorio/richi-alvarez/domicilios/.next/server/chunks/ssr/%5Broot-of-the-server%5D__7df035db._.js?22:708
[     334ms] [LOG] %c%s%c [JWT CALLBACK] Entrada: background: #e6e6e6;background: light-dark(rgba(0,0,0,0.1), rgba(255,255,255,0.25));color: #000000;color: light-dark(#000000, #ffffff);border-radius: 2px  Server   {} @ rsc://React/Server/file:///home/epayco21/Escritorio/richi-alvarez/domicilios/.next/server/chunks/ssr/%5Broot-of-the-server%5D__7df035db._.js?24:709
[     335ms] [LOG] %c%s%c [JWT CALLBACK] Token final: background: #e6e6e6;background: light-dark(rgba(0,0,0,0.1), rgba(255,255,255,0.25));color: #000000;color: light-dark(#000000, #ffffff);border-radius: 2px  Server   {id: f9ed9d5d-760f-4f62-9ba2-c0e6d03759ec, email: maria.lopez@test.com, hasId: true} @ rsc://React/Server/file:///home/epayco21/Escritorio/richi-alvarez/domicilios/.next/server/chunks/ssr/%5Broot-of-the-server%5D__7df035db._.js?25:733
[     335ms] [LOG] %c%s%c [JWT CALLBACK] === FIN ===
 background: #e6e6e6;background: light-dark(rgba(0,0,0,0.1), rgba(255,255,255,0.25));color: #000000;color: light-dark(#000000, #ffffff);border-radius: 2px  Server   @ rsc://React/Server/file:///home/epayco21/Escritorio/richi-alvarez/domicilios/.next/server/chunks/ssr/%5Broot-of-the-server%5D__7df035db._.js?26:738
[     335ms] [LOG] %c%s%c 
[SESSION CALLBACK] === INICIO === background: #e6e6e6;background: light-dark(rgba(0,0,0,0.1), rgba(255,255,255,0.25));color: #000000;color: light-dark(#000000, #ffffff);border-radius: 2px  Server   @ rsc://React/Server/file:///home/epayco21/Escritorio/richi-alvarez/domicilios/.next/server/chunks/ssr/%5Broot-of-the-server%5D__7df035db._.js?27:742
[     335ms] [LOG] %c%s%c [SESSION CALLBACK] Session user antes: background: #e6e6e6;background: light-dark(rgba(0,0,0,0.1), rgba(255,255,255,0.25));color: #000000;color: light-dark(#000000, #ffffff);border-radius: 2px  Server   {email: maria.lopez@test.com} @ rsc://React/Server/file:///home/epayco21/Escritorio/richi-alvarez/domicilios/.next/server/chunks/ssr/%5Broot-of-the-server%5D__7df035db._.js?28:743
[     335ms] [LOG] %c%s%c [SESSION CALLBACK] Token: background: #e6e6e6;background: light-dark(rgba(0,0,0,0.1), rgba(255,255,255,0.25));color: #000000;color: light-dark(#000000, #ffffff);border-radius: 2px  Server   {id: f9ed9d5d-760f-4f62-9ba2-c0e6d03759ec, email: maria.lopez@test.com, sub: f9ed9d5d-760f-4f62-9ba2-c0e6d03759ec} @ rsc://React/Server/file:///home/epayco21/Escritorio/richi-alvarez/domicilios/.next/server/chunks/ssr/%5Broot-of-the-server%5D__7df035db._.js?29:747
[     336ms] [LOG] %c%s%c [SESSION CALLBACK] Session actualizado con usuario ID: background: #e6e6e6;background: light-dark(rgba(0,0,0,0.1), rgba(255,255,255,0.25));color: #000000;color: light-dark(#000000, #ffffff);border-radius: 2px  Server   f9ed9d5d-760f-4f62-9ba2-c0e6d03759ec @ rsc://React/Server/file:///home/epayco21/Escritorio/richi-alvarez/domicilios/.next/server/chunks/ssr/%5Broot-of-the-server%5D__7df035db._.js?30:754
[     336ms] [LOG] %c%s%c [SESSION CALLBACK] Session user después: background: #e6e6e6;background: light-dark(rgba(0,0,0,0.1), rgba(255,255,255,0.25));color: #000000;color: light-dark(#000000, #ffffff);border-radius: 2px  Server   {email: maria.lopez@test.com, id: f9ed9d5d-760f-4f62-9ba2-c0e6d03759ec} @ rsc://React/Server/file:///home/epayco21/Escritorio/richi-alvarez/domicilios/.next/server/chunks/ssr/%5Broot-of-the-server%5D__7df035db._.js?31:758
[     336ms] [LOG] %c%s%c [SESSION CALLBACK] === FIN ===
 background: #e6e6e6;background: light-dark(rgba(0,0,0,0.1), rgba(255,255,255,0.25));color: #000000;color: light-dark(#000000, #ffffff);border-radius: 2px  Server   @ rsc://React/Server/file:///home/epayco21/Escritorio/richi-alvarez/domicilios/.next/server/chunks/ssr/%5Broot-of-the-server%5D__7df035db._.js?32:762
[     337ms] [LOG] %c%s%c 
[JWT CALLBACK] === INICIO === background: #e6e6e6;background: light-dark(rgba(0,0,0,0.1), rgba(255,255,255,0.25));color: #000000;color: light-dark(#000000, #ffffff);border-radius: 2px  Server   @ rsc://React/Server/file:///home/epayco21/Escritorio/richi-alvarez/domicilios/.next/server/chunks/ssr/%5Broot-of-the-server%5D__7df035db._.js?22:708
[     338ms] [LOG] %c%s%c [JWT CALLBACK] Entrada: background: #e6e6e6;background: light-dark(rgba(0,0,0,0.1), rgba(255,255,255,0.25));color: #000000;color: light-dark(#000000, #ffffff);border-radius: 2px  Server   {} @ rsc://React/Server/file:///home/epayco21/Escritorio/richi-alvarez/domicilios/.next/server/chunks/ssr/%5Broot-of-the-server%5D__7df035db._.js?24:709
[     338ms] [LOG] %c%s%c [JWT CALLBACK] Token final: background: #e6e6e6;background: light-dark(rgba(0,0,0,0.1), rgba(255,255,255,0.25));color: #000000;color: light-dark(#000000, #ffffff);border-radius: 2px  Server   {id: f9ed9d5d-760f-4f62-9ba2-c0e6d03759ec, email: maria.lopez@test.com, hasId: true} @ rsc://React/Server/file:///home/epayco21/Escritorio/richi-alvarez/domicilios/.next/server/chunks/ssr/%5Broot-of-the-server%5D__7df035db._.js?25:733
[     338ms] [LOG] %c%s%c [JWT CALLBACK] === FIN ===
 background: #e6e6e6;background: light-dark(rgba(0,0,0,0.1), rgba(255,255,255,0.25));color: #000000;color: light-dark(#000000, #ffffff);border-radius: 2px  Server   @ rsc://React/Server/file:///home/epayco21/Escritorio/richi-alvarez/domicilios/.next/server/chunks/ssr/%5Broot-of-the-server%5D__7df035db._.js?26:738
[     338ms] [LOG] %c%s%c 
[SESSION CALLBACK] === INICIO === background: #e6e6e6;background: light-dark(rgba(0,0,0,0.1), rgba(255,255,255,0.25));color: #000000;color: light-dark(#000000, #ffffff);border-radius: 2px  Server   @ rsc://React/Server/file:///home/epayco21/Escritorio/richi-alvarez/domicilios/.next/server/chunks/ssr/%5Broot-of-the-server%5D__7df035db._.js?27:742
[     338ms] [LOG] %c%s%c [SESSION CALLBACK] Session user antes: background: #e6e6e6;background: light-dark(rgba(0,0,0,0.1), rgba(255,255,255,0.25));color: #000000;color: light-dark(#000000, #ffffff);border-radius: 2px  Server   {email: maria.lopez@test.com} @ rsc://React/Server/file:///home/epayco21/Escritorio/richi-alvarez/domicilios/.next/server/chunks/ssr/%5Broot-of-the-server%5D__7df035db._.js?28:743
[     338ms] [LOG] %c%s%c [SESSION CALLBACK] Token: background: #e6e6e6;background: light-dark(rgba(0,0,0,0.1), rgba(255,255,255,0.25));color: #000000;color: light-dark(#000000, #ffffff);border-radius: 2px  Server   {id: f9ed9d5d-760f-4f62-9ba2-c0e6d03759ec, email: maria.lopez@test.com, sub: f9ed9d5d-760f-4f62-9ba2-c0e6d03759ec} @ rsc://React/Server/file:///home/epayco21/Escritorio/richi-alvarez/domicilios/.next/server/chunks/ssr/%5Broot-of-the-server%5D__7df035db._.js?29:747
[     338ms] [LOG] %c%s%c [SESSION CALLBACK] Session actualizado con usuario ID: background: #e6e6e6;background: light-dark(rgba(0,0,0,0.1), rgba(255,255,255,0.25));color: #000000;color: light-dark(#000000, #ffffff);border-radius: 2px  Server   f9ed9d5d-760f-4f62-9ba2-c0e6d03759ec @ rsc://React/Server/file:///home/epayco21/Escritorio/richi-alvarez/domicilios/.next/server/chunks/ssr/%5Broot-of-the-server%5D__7df035db._.js?30:754
[     339ms] [LOG] %c%s%c [SESSION CALLBACK] Session user después: background: #e6e6e6;background: light-dark(rgba(0,0,0,0.1), rgba(255,255,255,0.25));color: #000000;color: light-dark(#000000, #ffffff);border-radius: 2px  Server   {email: maria.lopez@test.com, id: f9ed9d5d-760f-4f62-9ba2-c0e6d03759ec} @ rsc://React/Server/file:///home/epayco21/Escritorio/richi-alvarez/domicilios/.next/server/chunks/ssr/%5Broot-of-the-server%5D__7df035db._.js?31:758
[     339ms] [LOG] %c%s%c [SESSION CALLBACK] === FIN ===
 background: #e6e6e6;background: light-dark(rgba(0,0,0,0.1), rgba(255,255,255,0.25));color: #000000;color: light-dark(#000000, #ffffff);border-radius: 2px  Server   @ rsc://React/Server/file:///home/epayco21/Escritorio/richi-alvarez/domicilios/.next/server/chunks/ssr/%5Broot-of-the-server%5D__7df035db._.js?32:762
[     511ms] [LOG] [Fast Refresh] rebuilding @ http://localhost:3001/_next/static/chunks/node_modules_next_dist_client_8f19e6fb._.js:15027
[     535ms] [LOG] [Fast Refresh] done in 125ms @ http://localhost:3001/_next/static/chunks/node_modules_next_dist_client_8f19e6fb._.js:14891
[     646ms] [LOG] [Fast Refresh] rebuilding @ http://localhost:3001/_next/static/chunks/node_modules_next_dist_client_8f19e6fb._.js:15027
[     667ms] [LOG] [Fast Refresh] done in 121ms @ http://localhost:3001/_next/static/chunks/node_modules_next_dist_client_8f19e6fb._.js:14891
[   11608ms] [ERROR] Failed to load resource: the server responded with a status of 502 (Bad Gateway) @ http://localhost:3000/login:0
[   11624ms] [ERROR] Failed to load resource: the server responded with a status of 502 (Bad Gateway) @ http://localhost:3000/favicon.ico:0
