[     343ms] [LOG] SweetAlert2 success icon globally overridden @ https://mareaalcalina.com/main.3f8ef18deabe58fe.js:0
[     987ms] [ERROR] Attestation check for Attribution Reporting on https://www.facebook.com failed. @ https://mareaalcalina.com/menus/menu-advanced-config/notifications?menuId=6KaFRGxPSInvPLlCgqu6&id=6KaFRGxPSInvPLlCgqu6:0
[    1012ms] [ERROR] Attestation check for Attribution Reporting on https://www.facebook.com failed. @ https://mareaalcalina.com/menus/menu-advanced-config/notifications?menuId=6KaFRGxPSInvPLlCgqu6&id=6KaFRGxPSInvPLlCgqu6:0
[    1013ms] [ERROR] Attestation check for Attribution Reporting on https://www.facebook.com failed. @ https://mareaalcalina.com/menus/menu-advanced-config/notifications?menuId=6KaFRGxPSInvPLlCgqu6&id=6KaFRGxPSInvPLlCgqu6:0
[    1013ms] [ERROR] Attestation check for Attribution Reporting on https://www.facebook.com failed. @ https://mareaalcalina.com/menus/menu-advanced-config/notifications?menuId=6KaFRGxPSInvPLlCgqu6&id=6KaFRGxPSInvPLlCgqu6:0
[    1013ms] [ERROR] Attestation check for Attribution Reporting on https://www.facebook.com failed. @ https://mareaalcalina.com/menus/menu-advanced-config/notifications?menuId=6KaFRGxPSInvPLlCgqu6&id=6KaFRGxPSInvPLlCgqu6:0
[    1013ms] [ERROR] Attestation check for Attribution Reporting on https://www.facebook.com failed. @ https://mareaalcalina.com/menus/menu-advanced-config/notifications?menuId=6KaFRGxPSInvPLlCgqu6&id=6KaFRGxPSInvPLlCgqu6:0
[    1633ms] [ERROR] Attestation check for Attribution Reporting on https://www.facebook.com failed. @ https://mareaalcalina.com/menus/menu-advanced-config/notifications?menuId=6KaFRGxPSInvPLlCgqu6&id=6KaFRGxPSInvPLlCgqu6:0
[    5622ms] [ERROR] Attestation check for Attribution Reporting on https://www.facebook.com failed. @ https://mareaalcalina.com/menus/menu-advanced-config/notifications?menuId=6KaFRGxPSInvPLlCgqu6&id=6KaFRGxPSInvPLlCgqu6:0
[   10608ms] [ERROR] Attestation check for Attribution Reporting on https://www.facebook.com failed. @ https://mareaalcalina.com/menus/menu-advanced-config/notifications?menuId=6KaFRGxPSInvPLlCgqu6&id=6KaFRGxPSInvPLlCgqu6:0
[   15619ms] [ERROR] Attestation check for Attribution Reporting on https://www.facebook.com failed. @ https://mareaalcalina.com/menus/menu-advanced-config/notifications?menuId=6KaFRGxPSInvPLlCgqu6&id=6KaFRGxPSInvPLlCgqu6:0
[   30642ms] [ERROR] Attestation check for Attribution Reporting on https://www.facebook.com failed. @ https://mareaalcalina.com/menus/menu-advanced-config/notifications?menuId=6KaFRGxPSInvPLlCgqu6&id=6KaFRGxPSInvPLlCgqu6:0
[   45617ms] [ERROR] Attestation check for Attribution Reporting on https://www.facebook.com failed. @ https://mareaalcalina.com/menus/menu-advanced-config/notifications?menuId=6KaFRGxPSInvPLlCgqu6&id=6KaFRGxPSInvPLlCgqu6:0
[   60616ms] [ERROR] Attestation check for Attribution Reporting on https://www.facebook.com failed. @ https://mareaalcalina.com/menus/menu-advanced-config/notifications?menuId=6KaFRGxPSInvPLlCgqu6&id=6KaFRGxPSInvPLlCgqu6:0
[   68370ms] [ERROR] Attestation check for Attribution Reporting on https://www.facebook.com failed. @ https://mareaalcalina.com/menus/menu-advanced-config/settings?menuId=6KaFRGxPSInvPLlCgqu6&id=6KaFRGxPSInvPLlCgqu6:0
[   90617ms] [ERROR] Attestation check for Attribution Reporting on https://www.facebook.com failed. @ https://mareaalcalina.com/menus/menu-advanced-config/settings?menuId=6KaFRGxPSInvPLlCgqu6&id=6KaFRGxPSInvPLlCgqu6:0
[  120706ms] [ERROR] Attestation check for Attribution Reporting on https://www.facebook.com failed. @ https://mareaalcalina.com/menus/menu-advanced-config/settings?menuId=6KaFRGxPSInvPLlCgqu6&id=6KaFRGxPSInvPLlCgqu6:0
[  122067ms] [ERROR] Attestation check for Attribution Reporting on https://www.facebook.com failed. @ https://mareaalcalina.com/menus/menu-advanced-config/sharing?menuId=6KaFRGxPSInvPLlCgqu6&id=6KaFRGxPSInvPLlCgqu6:0
[  172991ms] [ERROR] Attestation check for Attribution Reporting on https://www.facebook.com failed. @ https://mareaalcalina.com/menus/menu-advanced-config/management?menuId=6KaFRGxPSInvPLlCgqu6&id=6KaFRGxPSInvPLlCgqu6:0
[  300694ms] [ERROR] Attestation check for Attribution Reporting on https://www.facebook.com failed. @ https://mareaalcalina.com/menus/menu-advanced-config/management?menuId=6KaFRGxPSInvPLlCgqu6&id=6KaFRGxPSInvPLlCgqu6:0
[15301046ms] [ERROR] Failed to load resource: net::ERR_QUIC_PROTOCOL_ERROR.QUIC_PEER_GOING_AWAY @ https://firestore.googleapis.com/google.firestore.v1.Firestore/Listen/channel?gsessionid=cL4ERwHpsolsq4coLzacHoBFwoLfxfvd2VSMCVA4eCdktAiUfzIroQ&VER=8&database=projects%2Fmareaalcalina-f1545%2Fdatabases%2F(default)&RID=rpc&SID=7bjIF4MIU8-HmAJabhzWgw&AID=140&CI=0&TYPE=xmlhttp&zx=43lag1fjn07h&t=1:0
[26360827ms] [ERROR] Failed to load resource: net::ERR_CONNECTION_CLOSED @ https://firestore.googleapis.com/google.firestore.v1.Firestore/Listen/channel?gsessionid=eQnA3XCpVFypqal5UurhkFSjynVKzGFTD2JGCLIKMIgGsBb-TqTyYw&VER=8&database=projects%2Fmareaalcalina-f1545%2Fdatabases%2F(default)&RID=rpc&SID=XS_iPYrl2_ZvZsRFAoqagQ&AID=16&CI=0&TYPE=xmlhttp&zx=iahzuvw7f5cj&t=2:0
[29524512ms] [ERROR] Failed to load resource: the server responded with a status of 400 () @ https://firestore.googleapis.com/google.firestore.v1.Firestore/Listen/channel?VER=8&database=projects%2Fmareaalcalina-f1545%2Fdatabases%2F(default)&gsessionid=eQnA3XCpVFypqal5UurhkFSjynVKzGFTD2JGCLIKMIgGsBb-TqTyYw&SID=XS_iPYrl2_ZvZsRFAoqagQ&RID=45525&TYPE=terminate&zx=u4shshr7uo7x:0
