[    1042ms] [LOG] SweetAlert2 success icon globally overridden @ https://mareaalcalina.com/main.c92896007a79b0d8.js:0
[    7229ms] [ERROR] Attestation check for Attribution Reporting on https://www.facebook.com failed. @ https://mareaalcalina.com/signup:0
[    7231ms] [ERROR] Attestation check for Attribution Reporting on https://www.facebook.com failed. @ https://mareaalcalina.com/signup:0
[    7259ms] [ERROR] Attestation check for Attribution Reporting on https://www.facebook.com failed. @ https://mareaalcalina.com/signup:0
[    7266ms] [ERROR] Attestation check for Attribution Reporting on https://www.facebook.com failed. @ https://mareaalcalina.com/signup:0
[    7282ms] [ERROR] Attestation check for Attribution Reporting on https://www.facebook.com failed. @ https://mareaalcalina.com/signup:0
[    7282ms] [ERROR] Attestation check for Attribution Reporting on https://www.facebook.com failed. @ https://mareaalcalina.com/signup:0
[   10913ms] [ERROR] Attestation check for Attribution Reporting on https://www.facebook.com failed. @ https://mareaalcalina.com/signup:0
[   15913ms] [ERROR] Attestation check for Attribution Reporting on https://www.facebook.com failed. @ https://mareaalcalina.com/signup:0
[   30918ms] [ERROR] Attestation check for Attribution Reporting on https://www.facebook.com failed. @ https://mareaalcalina.com/signup:0
[   45916ms] [ERROR] Attestation check for Attribution Reporting on https://www.facebook.com failed. @ https://mareaalcalina.com/signup:0
[   60941ms] [ERROR] Attestation check for Attribution Reporting on https://www.facebook.com failed. @ https://mareaalcalina.com/signup:0
[   91118ms] [ERROR] Attestation check for Attribution Reporting on https://www.facebook.com failed. @ https://mareaalcalina.com/signup:0
[  120928ms] [ERROR] Attestation check for Attribution Reporting on https://www.facebook.com failed. @ https://mareaalcalina.com/verify-email:0
[  137451ms] [ERROR] Attestation check for Attribution Reporting on https://www.facebook.com failed. @ https://mareaalcalina.com/verify-email:0
[  137480ms] [ERROR] Attestation check for Attribution Reporting on https://www.facebook.com failed. @ https://mareaalcalina.com/verify-email:0
[  137481ms] [ERROR] Attestation check for Attribution Reporting on https://www.facebook.com failed. @ https://mareaalcalina.com/verify-email:0
[  137487ms] [ERROR] Attestation check for Attribution Reporting on https://www.facebook.com failed. @ https://mareaalcalina.com/verify-email:0
[  139777ms] [ERROR] Attestation check for Attribution Reporting on https://www.facebook.com failed. @ https://mareaalcalina.com/menus/create:0
[  139840ms] [ERROR] Attestation check for Attribution Reporting on https://www.facebook.com failed. @ https://mareaalcalina.com/menus/create:0
[  301011ms] [ERROR] Attestation check for Attribution Reporting on https://www.facebook.com failed. @ https://mareaalcalina.com/menus/create:0
[  869812ms] [ERROR] Failed to load resource: the server responded with a status of 404 () @ https://livereload.marea.pro/tienda-demo-clon?livereload=true&version=Sp6cBUlqOzTzqXiONJkF:0
[  870728ms] [LOG] [AppBrowserModule] Livereload detected - loading Firebase modules immediately @ https://livereload.marea.pro/main.53f09dcce8d3cc25.js:16
[  963185ms] [ERROR] Attestation check for Attribution Reporting on https://www.facebook.com failed. @ https://mareaalcalina.com/menus/menu-detail?menuId=6KaFRGxPSInvPLlCgqu6&onboarding=new&id=6KaFRGxPSInvPLlCgqu6:0
