[     118ms] [LOG] [Fast Refresh] rebuilding @ http://localhost:3001/_next/static/chunks/node_modules_next_dist_client_8f19e6fb._.js:15027
[     324ms] [LOG] [Fast Refresh] done in 305ms @ http://localhost:3001/_next/static/chunks/node_modules_next_dist_client_8f19e6fb._.js:14891
[     675ms] [INFO] %cDownload the React DevTools for a better development experience: https://react.dev/link/react-devtools font-weight:bold @ http://localhost:3001/_next/static/chunks/node_modules_next_dist_compiled_2ce9398a._.js:16383
[     689ms] [LOG] %c%s%c 
[JWT CALLBACK] === INICIO === background: #e6e6e6;background: light-dark(rgba(0,0,0,0.1), rgba(255,255,255,0.25));color: #000000;color: light-dark(#000000, #ffffff);border-radius: 2px  Server   @ rsc://React/Server/file:///home/epayco21/Escritorio/richi-alvarez/domicilios/.next/server/chunks/ssr/%5Broot-of-the-server%5D__7df035db._.js?22:708
[     689ms] [LOG] %c%s%c [JWT CALLBACK] Entrada: background: #e6e6e6;background: light-dark(rgba(0,0,0,0.1), rgba(255,255,255,0.25));color: #000000;color: light-dark(#000000, #ffffff);border-radius: 2px  Server   {} @ rsc://React/Server/file:///home/epayco21/Escritorio/richi-alvarez/domicilios/.next/server/chunks/ssr/%5Broot-of-the-server%5D__7df035db._.js?24:709
[     690ms] [LOG] %c%s%c [JWT CALLBACK] Token final: background: #e6e6e6;background: light-dark(rgba(0,0,0,0.1), rgba(255,255,255,0.25));color: #000000;color: light-dark(#000000, #ffffff);border-radius: 2px  Server   {id: 1a96d908-e389-45d8-86c4-94c303e23fc9, email: juan.rodriguez@test.com, hasId: true} @ rsc://React/Server/file:///home/epayco21/Escritorio/richi-alvarez/domicilios/.next/server/chunks/ssr/%5Broot-of-the-server%5D__7df035db._.js?25:733
[     690ms] [LOG] %c%s%c [JWT CALLBACK] === FIN ===
 background: #e6e6e6;background: light-dark(rgba(0,0,0,0.1), rgba(255,255,255,0.25));color: #000000;color: light-dark(#000000, #ffffff);border-radius: 2px  Server   @ rsc://React/Server/file:///home/epayco21/Escritorio/richi-alvarez/domicilios/.next/server/chunks/ssr/%5Broot-of-the-server%5D__7df035db._.js?26:738
[     690ms] [LOG] %c%s%c 
[SESSION CALLBACK] === INICIO === background: #e6e6e6;background: light-dark(rgba(0,0,0,0.1), rgba(255,255,255,0.25));color: #000000;color: light-dark(#000000, #ffffff);border-radius: 2px  Server   @ rsc://React/Server/file:///home/epayco21/Escritorio/richi-alvarez/domicilios/.next/server/chunks/ssr/%5Broot-of-the-server%5D__7df035db._.js?27:742
[     690ms] [LOG] %c%s%c [SESSION CALLBACK] Session user antes: background: #e6e6e6;background: light-dark(rgba(0,0,0,0.1), rgba(255,255,255,0.25));color: #000000;color: light-dark(#000000, #ffffff);border-radius: 2px  Server   {email: juan.rodriguez@test.com} @ rsc://React/Server/file:///home/epayco21/Escritorio/richi-alvarez/domicilios/.next/server/chunks/ssr/%5Broot-of-the-server%5D__7df035db._.js?28:743
[     691ms] [LOG] %c%s%c [SESSION CALLBACK] Token: background: #e6e6e6;background: light-dark(rgba(0,0,0,0.1), rgba(255,255,255,0.25));color: #000000;color: light-dark(#000000, #ffffff);border-radius: 2px  Server   {id: 1a96d908-e389-45d8-86c4-94c303e23fc9, email: juan.rodriguez@test.com, sub: 1a96d908-e389-45d8-86c4-94c303e23fc9} @ rsc://React/Server/file:///home/epayco21/Escritorio/richi-alvarez/domicilios/.next/server/chunks/ssr/%5Broot-of-the-server%5D__7df035db._.js?29:747
[     691ms] [LOG] %c%s%c [SESSION CALLBACK] Session actualizado con usuario ID: background: #e6e6e6;background: light-dark(rgba(0,0,0,0.1), rgba(255,255,255,0.25));color: #000000;color: light-dark(#000000, #ffffff);border-radius: 2px  Server   1a96d908-e389-45d8-86c4-94c303e23fc9 @ rsc://React/Server/file:///home/epayco21/Escritorio/richi-alvarez/domicilios/.next/server/chunks/ssr/%5Broot-of-the-server%5D__7df035db._.js?30:754
[     691ms] [LOG] %c%s%c [SESSION CALLBACK] Session user después: background: #e6e6e6;background: light-dark(rgba(0,0,0,0.1), rgba(255,255,255,0.25));color: #000000;color: light-dark(#000000, #ffffff);border-radius: 2px  Server   {email: juan.rodriguez@test.com, id: 1a96d908-e389-45d8-86c4-94c303e23fc9} @ rsc://React/Server/file:///home/epayco21/Escritorio/richi-alvarez/domicilios/.next/server/chunks/ssr/%5Broot-of-the-server%5D__7df035db._.js?31:758
[     691ms] [LOG] %c%s%c [SESSION CALLBACK] === FIN ===
 background: #e6e6e6;background: light-dark(rgba(0,0,0,0.1), rgba(255,255,255,0.25));color: #000000;color: light-dark(#000000, #ffffff);border-radius: 2px  Server   @ rsc://React/Server/file:///home/epayco21/Escritorio/richi-alvarez/domicilios/.next/server/chunks/ssr/%5Broot-of-the-server%5D__7df035db._.js?32:762
[     859ms] [LOG] [Fast Refresh] rebuilding @ http://localhost:3001/_next/static/chunks/node_modules_next_dist_client_8f19e6fb._.js:15027
[     916ms] [LOG] [Fast Refresh] done in 158ms @ http://localhost:3001/_next/static/chunks/node_modules_next_dist_client_8f19e6fb._.js:14891
[    1045ms] [LOG] [Fast Refresh] rebuilding @ http://localhost:3001/_next/static/chunks/node_modules_next_dist_client_8f19e6fb._.js:15027
[    1073ms] [LOG] [Fast Refresh] done in 128ms @ http://localhost:3001/_next/static/chunks/node_modules_next_dist_client_8f19e6fb._.js:14891
[   10218ms] [LOG] [Fast Refresh] rebuilding @ http://localhost:3001/_next/static/chunks/node_modules_next_dist_client_8f19e6fb._.js:15027
[   10308ms] [LOG] [Fast Refresh] done in 190ms @ http://localhost:3001/_next/static/chunks/node_modules_next_dist_client_8f19e6fb._.js:14891
[   19675ms] [LOG] [Fast Refresh] rebuilding @ http://localhost:3001/_next/static/chunks/node_modules_next_dist_client_8f19e6fb._.js:15027
[   19772ms] [LOG] [Fast Refresh] done in 197ms @ http://localhost:3001/_next/static/chunks/node_modules_next_dist_client_8f19e6fb._.js:14891
[   25715ms] [LOG] [Fast Refresh] rebuilding @ http://localhost:3001/_next/static/chunks/node_modules_next_dist_client_8f19e6fb._.js:15027
[   25811ms] [LOG] [Fast Refresh] done in 197ms @ http://localhost:3001/_next/static/chunks/node_modules_next_dist_client_8f19e6fb._.js:14891
