[     895ms] [LOG] SweetAlert2 success icon globally overridden @ https://mareaalcalina.com/main.3f8ef18deabe58fe.js:0
[    7234ms] [ERROR] Attestation check for Attribution Reporting on https://www.facebook.com failed. @ https://mareaalcalina.com/menus/menu-analytics?menuId=6KaFRGxPSInvPLlCgqu6&id=6KaFRGxPSInvPLlCgqu6:0
[    7240ms] [ERROR] Attestation check for Attribution Reporting on https://www.facebook.com failed. @ https://mareaalcalina.com/menus/menu-analytics?menuId=6KaFRGxPSInvPLlCgqu6&id=6KaFRGxPSInvPLlCgqu6:0
[    7241ms] [ERROR] Attestation check for Attribution Reporting on https://www.facebook.com failed. @ https://mareaalcalina.com/menus/menu-analytics?menuId=6KaFRGxPSInvPLlCgqu6&id=6KaFRGxPSInvPLlCgqu6:0
[    7241ms] [ERROR] Attestation check for Attribution Reporting on https://www.facebook.com failed. @ https://mareaalcalina.com/menus/menu-analytics?menuId=6KaFRGxPSInvPLlCgqu6&id=6KaFRGxPSInvPLlCgqu6:0
[    7241ms] [ERROR] Attestation check for Attribution Reporting on https://www.facebook.com failed. @ https://mareaalcalina.com/menus/menu-analytics?menuId=6KaFRGxPSInvPLlCgqu6&id=6KaFRGxPSInvPLlCgqu6:0
[    7249ms] [ERROR] Attestation check for Attribution Reporting on https://www.facebook.com failed. @ https://mareaalcalina.com/menus/menu-analytics?menuId=6KaFRGxPSInvPLlCgqu6&id=6KaFRGxPSInvPLlCgqu6:0
[    7249ms] [ERROR] Attestation check for Attribution Reporting on https://www.facebook.com failed. @ https://mareaalcalina.com/menus/menu-analytics?menuId=6KaFRGxPSInvPLlCgqu6&id=6KaFRGxPSInvPLlCgqu6:0
[    7249ms] [ERROR] Attestation check for Attribution Reporting on https://www.facebook.com failed. @ https://mareaalcalina.com/menus/menu-analytics?menuId=6KaFRGxPSInvPLlCgqu6&id=6KaFRGxPSInvPLlCgqu6:0
[   11306ms] [ERROR] Attestation check for Attribution Reporting on https://www.facebook.com failed. @ https://mareaalcalina.com/menus/menu-analytics?menuId=6KaFRGxPSInvPLlCgqu6&id=6KaFRGxPSInvPLlCgqu6:0
[   16299ms] [ERROR] Attestation check for Attribution Reporting on https://www.facebook.com failed. @ https://mareaalcalina.com/menus/menu-analytics?menuId=6KaFRGxPSInvPLlCgqu6&id=6KaFRGxPSInvPLlCgqu6:0
[   31303ms] [ERROR] Attestation check for Attribution Reporting on https://www.facebook.com failed. @ https://mareaalcalina.com/menus/menu-analytics?menuId=6KaFRGxPSInvPLlCgqu6&id=6KaFRGxPSInvPLlCgqu6:0
[   46290ms] [ERROR] Attestation check for Attribution Reporting on https://www.facebook.com failed. @ https://mareaalcalina.com/menus/menu-analytics?menuId=6KaFRGxPSInvPLlCgqu6&id=6KaFRGxPSInvPLlCgqu6:0
[   61303ms] [ERROR] Attestation check for Attribution Reporting on https://www.facebook.com failed. @ https://mareaalcalina.com/menus/menu-analytics?menuId=6KaFRGxPSInvPLlCgqu6&id=6KaFRGxPSInvPLlCgqu6:0
[   91399ms] [ERROR] Attestation check for Attribution Reporting on https://www.facebook.com failed. @ https://mareaalcalina.com/menus/menu-analytics?menuId=6KaFRGxPSInvPLlCgqu6&id=6KaFRGxPSInvPLlCgqu6:0
[  121311ms] [ERROR] Attestation check for Attribution Reporting on https://www.facebook.com failed. @ https://mareaalcalina.com/menus/menu-analytics?menuId=6KaFRGxPSInvPLlCgqu6&id=6KaFRGxPSInvPLlCgqu6:0
[  131399ms] [ERROR] Attestation check for Attribution Reporting on https://www.facebook.com failed. @ https://mareaalcalina.com/menus/payments/setup?menuId=6KaFRGxPSInvPLlCgqu6&id=6KaFRGxPSInvPLlCgqu6:0
[  189737ms] [ERROR] Attestation check for Attribution Reporting on https://www.facebook.com failed. @ https://mareaalcalina.com/menus/payments/methods?menuId=6KaFRGxPSInvPLlCgqu6&id=6KaFRGxPSInvPLlCgqu6:0
[  247336ms] [ERROR] Attestation check for Attribution Reporting on https://www.facebook.com failed. @ https://mareaalcalina.com/menus/payments/dashboard?menuId=6KaFRGxPSInvPLlCgqu6&id=6KaFRGxPSInvPLlCgqu6:0
[  301501ms] [ERROR] Attestation check for Attribution Reporting on https://www.facebook.com failed. @ https://mareaalcalina.com/menus/payments/dashboard?menuId=6KaFRGxPSInvPLlCgqu6&id=6KaFRGxPSInvPLlCgqu6:0
[  336186ms] [ERROR] Attestation check for Attribution Reporting on https://www.facebook.com failed. @ https://mareaalcalina.com/menus/shopping-cart/general?menuId=6KaFRGxPSInvPLlCgqu6&id=6KaFRGxPSInvPLlCgqu6:0
[  424070ms] [ERROR] Attestation check for Attribution Reporting on https://www.facebook.com failed. @ https://mareaalcalina.com/menus/shopping-cart/branches?menuId=6KaFRGxPSInvPLlCgqu6&id=6KaFRGxPSInvPLlCgqu6:0
[  467727ms] [ERROR] Attestation check for Attribution Reporting on https://www.facebook.com failed. @ https://mareaalcalina.com/menus/shopping-cart/message?menuId=6KaFRGxPSInvPLlCgqu6&id=6KaFRGxPSInvPLlCgqu6:0
[  529341ms] [ERROR] Attestation check for Attribution Reporting on https://www.facebook.com failed. @ https://mareaalcalina.com/menus/shopping-cart/promotions?menuId=6KaFRGxPSInvPLlCgqu6&id=6KaFRGxPSInvPLlCgqu6:0
[  660785ms] [ERROR] Attestation check for Attribution Reporting on https://www.facebook.com failed. @ https://mareaalcalina.com/menus/shopping-cart/terms?menuId=6KaFRGxPSInvPLlCgqu6&id=6KaFRGxPSInvPLlCgqu6:0
[  731414ms] [ERROR] Attestation check for Attribution Reporting on https://www.facebook.com failed. @ https://mareaalcalina.com/menus/shopping-cart/order-statuses?menuId=6KaFRGxPSInvPLlCgqu6&id=6KaFRGxPSInvPLlCgqu6:0
[  802744ms] [ERROR] Attestation check for Attribution Reporting on https://www.facebook.com failed. @ https://mareaalcalina.com/menus/menu-advanced-config/integrations?menuId=6KaFRGxPSInvPLlCgqu6&id=6KaFRGxPSInvPLlCgqu6:0
[  872380ms] [ERROR] Attestation check for Attribution Reporting on https://www.facebook.com failed. @ https://mareaalcalina.com/menus/menu-advanced-config/analytics?menuId=6KaFRGxPSInvPLlCgqu6&id=6KaFRGxPSInvPLlCgqu6:0
[  922676ms] [ERROR] Attestation check for Attribution Reporting on https://www.facebook.com failed. @ https://mareaalcalina.com/menus/menu-advanced-config/notifications?menuId=6KaFRGxPSInvPLlCgqu6&id=6KaFRGxPSInvPLlCgqu6:0
